== ls ==
Found 12 items
-rw-r--r--   3 hadoop supergroup       1228 2026-10-05 23:09 /nexo/bronze/logs/app-log.1791241779577
-rw-r--r--   3 hadoop supergroup       2460 2026-10-06 21:46 /nexo/bronze/logs/app-log.1791323178083
-rw-r--r--   3 hadoop supergroup       2461 2026-10-06 21:46 /nexo/bronze/logs/app-log.1791323178084
-rw-r--r--   3 hadoop supergroup       2463 2026-10-06 21:46 /nexo/bronze/logs/app-log.1791323178085
-rw-r--r--   3 hadoop supergroup       2465 2026-10-06 21:46 /nexo/bronze/logs/app-log.1791323178086
-rw-r--r--   3 hadoop supergroup       2466 2026-10-06 21:46 /nexo/bronze/logs/app-log.1791323178087
-rw-r--r--   3 hadoop supergroup       2476 2026-10-06 21:46 /nexo/bronze/logs/app-log.1791323178088
-rw-r--r--   3 hadoop supergroup       2462 2026-10-06 21:46 /nexo/bronze/logs/app-log.1791323178089
-rw-r--r--   3 hadoop supergroup       2461 2026-10-06 21:46 /nexo/bronze/logs/app-log.1791323178090
-rw-r--r--   3 hadoop supergroup       2468 2026-10-06 21:46 /nexo/bronze/logs/app-log.1791323178091
-rw-r--r--   3 hadoop supergroup       1224 2026-10-06 21:46 /nexo/bronze/logs/app-log.1791323178092
-rw-r--r--   3 hadoop supergroup     335181 2026-10-01 23:14 /nexo/bronze/logs/viajes_backup.csv
== total de lineas ==
200
== eventos por tipo ==
     20 "event": "payment_fail"
    104 "event": "ride_end"
     76 "event": "ride_start"
== primeras 3 lineas ==
{"ts": "2026-05-20T12:00:00+00:00", "event": "ride_end", "vehicle_id": "V0063", "rider_id": "R0118", "battery_pct": 67.9}
{"ts": "2026-05-20T12:00:03+00:00", "event": "ride_end", "vehicle_id": "V0067", "rider_id": "R0002", "battery_pct": 91.7}
{"ts": "2026-05-20T12:00:09+00:00", "event": "ride_end", "vehicle_id": "V0078", "rider_id": "R0017", "battery_pct": 27.7}
