{"ts": "2026-05-20T12:00:00+00:00", "event": "unlock_ok", "vehicle_id": "V0044", "rider_id": "R0062", "battery_pct": 42.8}
{"ts": "2026-05-20T12:00:03+00:00", "event": "payment_fail", "vehicle_id": "V0011", "rider_id": "R0090", "battery_pct": 71.5}
{"ts": "2026-05-20T12:00:06+00:00", "event": "battery_low", "vehicle_id": "V0069", "rider_id": "R0083", "battery_pct": 59.1}
{"ts": "2026-05-20T12:00:09+00:00", "event": "ride_start", "vehicle_id": "V0073", "rider_id": "R0091", "battery_pct": 35.7}
{"ts": "2026-05-20T12:00:12+00:00", "event": "ride_start", "vehicle_id": "V0036", "rider_id": "R0005", "battery_pct": 67.1}
{"ts": "2026-05-20T12:00:15+00:00", "event": "payment_fail", "vehicle_id": "V0021", "rider_id": "R0038", "battery_pct": 56.7}
{"ts": "2026-05-20T12:00:18+00:00", "event": "ride_end", "vehicle_id": "V0065", "rider_id": "R0008", "battery_pct": 70.8}
{"ts": "2026-05-20T12:00:21+00:00", "event": "ride_start", "vehicle_id": "V0063", "rider_id": "R0089", "battery_pct": 73.8}
{"ts": "2026-05-20T12:00:24+00:00", "event": "ride_end", "vehicle_id": "V0000", "rider_id": "R0072", "battery_pct": 59.5}
{"ts": "2026-05-20T12:00:27+00:00", "event": "ride_end", "vehicle_id": "V0013", "rider_id": "R0006", "battery_pct": 68.0}
{"ts": "2026-05-20T12:00:30+00:00", "event": "ride_start", "vehicle_id": "V0063", "rider_id": "R0106", "battery_pct": 93.3}
{"ts": "2026-05-20T12:00:33+00:00", "event": "ride_end", "vehicle_id": "V0028", "rider_id": "R0068", "battery_pct": 53.9}
{"ts": "2026-05-20T12:00:36+00:00", "event": "battery_low", "vehicle_id": "V0043", "rider_id": "R0013", "battery_pct": 66.7}
{"ts": "2026-05-20T12:00:39+00:00", "event": "ride_start", "vehicle_id": "V0027", "rider_id": "R0002", "battery_pct": 53.7}
{"ts": "2026-05-20T12:00:42+00:00", "event": "unlock_ok", "vehicle_id": "V0077", "rider_id": "R0117", "battery_pct": 86.6}
{"ts": "2026-05-20T12:00:45+00:00", "event": "unlock_ok", "vehicle_id": "V0044", "rider_id": "R0056", "battery_pct": 68.7}
{"ts": "2026-05-20T12:00:48+00:00", "event": "ride_start", "vehicle_id": "V0060", "rider_id": "R0087", "battery_pct": 97.9}
{"ts": "2026-05-20T12:00:51+00:00", "event": "unlock_ok", "vehicle_id": "V0059", "rider_id": "R0078", "battery_pct": 56.7}
{"ts": "2026-05-20T12:00:54+00:00", "event": "battery_low", "vehicle_id": "V0060", "rider_id": "R0023", "battery_pct": 82.6}
{"ts": "2026-05-20T12:00:57+00:00", "event": "battery_low", "vehicle_id": "V0017", "rider_id": "R0025", "battery_pct": 41.0}
{"ts": "2026-05-20T12:01:00+00:00", "event": "ride_end", "vehicle_id": "V0035", "rider_id": "R0013", "battery_pct": 75.6}
{"ts": "2026-05-20T12:01:03+00:00", "event": "battery_low", "vehicle_id": "V0061", "rider_id": "R0044", "battery_pct": 57.3}
{"ts": "2026-05-20T12:01:06+00:00", "event": "unlock_ok", "vehicle_id": "V0039", "rider_id": "R0102", "battery_pct": 42.5}
{"ts": "2026-05-20T12:01:09+00:00", "event": "unlock_ok", "vehicle_id": "V0046", "rider_id": "R0026", "battery_pct": 54.1}
{"ts": "2026-05-20T12:01:12+00:00", "event": "ride_end", "vehicle_id": "V0064", "rider_id": "R0113", "battery_pct": 84.6}
{"ts": "2026-05-20T12:01:15+00:00", "event": "ride_start", "vehicle_id": "V0078", "rider_id": "R0094", "battery_pct": 68.9}
{"ts": "2026-05-20T12:01:18+00:00", "event": "payment_fail", "vehicle_id": "V0046", "rider_id": "R0003", "battery_pct": 46.2}
{"ts": "2026-05-20T12:01:21+00:00", "event": "ride_start", "vehicle_id": "V0000", "rider_id": "R0047", "battery_pct": 87.0}
{"ts": "2026-05-20T12:01:24+00:00", "event": "ride_end", "vehicle_id": "V0043", "rider_id": "R0083", "battery_pct": 28.3}
{"ts": "2026-05-20T12:01:27+00:00", "event": "ride_start", "vehicle_id": "V0049", "rider_id": "R0100", "battery_pct": 44.0}
{"ts": "2026-05-20T12:01:30+00:00", "event": "ride_end", "vehicle_id": "V0076", "rider_id": "R0043", "battery_pct": 37.2}
{"ts": "2026-05-20T12:01:33+00:00", "event": "ride_end", "vehicle_id": "V0005", "rider_id": "R0042", "battery_pct": 64.0}
{"ts": "2026-05-20T12:01:36+00:00", "event": "ride_start", "vehicle_id": "V0077", "rider_id": "R0051", "battery_pct": 79.5}
{"ts": "2026-05-20T12:01:39+00:00", "event": "ride_start", "vehicle_id": "V0036", "rider_id": "R0026", "battery_pct": 76.3}
{"ts": "2026-05-20T12:01:42+00:00", "event": "unlock_ok", "vehicle_id": "V0070", "rider_id": "R0059", "battery_pct": 67.3}
{"ts": "2026-05-20T12:01:45+00:00", "event": "ride_end", "vehicle_id": "V0073", "rider_id": "R0113", "battery_pct": 55.4}
{"ts": "2026-05-20T12:01:48+00:00", "event": "ride_start", "vehicle_id": "V0056", "rider_id": "R0065", "battery_pct": 102.5}
{"ts": "2026-05-20T12:01:51+00:00", "event": "ride_start", "vehicle_id": "V0038", "rider_id": "R0013", "battery_pct": 53.6}
{"ts": "2026-05-20T12:01:54+00:00", "event": "ride_end", "vehicle_id": "V0030", "rider_id": "R0109", "battery_pct": 44.9}
{"ts": "2026-05-20T12:01:57+00:00", "event": "unlock_ok", "vehicle_id": "V0027", "rider_id": "R0032", "battery_pct": 52.3}
{"ts": "2026-05-20T12:02:00+00:00", "event": "ride_start", "vehicle_id": "V0047", "rider_id": "R0076", "battery_pct": 101.1}
{"ts": "2026-05-20T12:02:03+00:00", "event": "payment_fail", "vehicle_id": "V0003", "rider_id": "R0082", "battery_pct": 60.8}
{"ts": "2026-05-20T12:02:06+00:00", "event": "ride_start", "vehicle_id": "V0034", "rider_id": "R0029", "battery_pct": 56.3}
{"ts": "2026-05-20T12:02:09+00:00", "event": "ride_end", "vehicle_id": "V0007", "rider_id": "R0084", "battery_pct": 50.2}
{"ts": "2026-05-20T12:02:12+00:00", "event": "ride_start", "vehicle_id": "V0023", "rider_id": "R0118", "battery_pct": 60.1}
{"ts": "2026-05-20T12:02:15+00:00", "event": "ride_start", "vehicle_id": "V0067", "rider_id": "R0028", "battery_pct": 55.1}
{"ts": "2026-05-20T12:02:18+00:00", "event": "ride_end", "vehicle_id": "V0018", "rider_id": "R0026", "battery_pct": 63.0}
{"ts": "2026-05-20T12:02:21+00:00", "event": "ride_start", "vehicle_id": "V0067", "rider_id": "R0033", "battery_pct": 43.5}
{"ts": "2026-05-20T12:02:24+00:00", "event": "ride_start", "vehicle_id": "V0030", "rider_id": "R0100", "battery_pct": 29.7}
{"ts": "2026-05-20T12:02:27+00:00", "event": "battery_low", "vehicle_id": "V0034", "rider_id": "R0113", "battery_pct": 78.0}
{"ts": "2026-05-20T12:02:30+00:00", "event": "ride_start", "vehicle_id": "V0029", "rider_id": "R0046", "battery_pct": 111.8}
{"ts": "2026-05-20T12:02:33+00:00", "event": "ride_end", "vehicle_id": "V0048", "rider_id": "R0013", "battery_pct": 49.4}
{"ts": "2026-05-20T12:02:36+00:00", "event": "payment_fail", "vehicle_id": "V0051", "rider_id": "R0085", "battery_pct": 71.2}
{"ts": "2026-05-20T12:02:39+00:00", "event": "ride_start", "vehicle_id": "V0033", "rider_id": "R0031", "battery_pct": 58.3}
{"ts": "2026-05-20T12:02:42+00:00", "event": "ride_start", "vehicle_id": "V0065", "rider_id": "R0059", "battery_pct": 86.0}
{"ts": "2026-05-20T12:02:45+00:00", "event": "ride_end", "vehicle_id": "V0066", "rider_id": "R0009", "battery_pct": 36.3}
{"ts": "2026-05-20T12:02:48+00:00", "event": "unlock_ok", "vehicle_id": "V0020", "rider_id": "R0074", "battery_pct": 55.9}
{"ts": "2026-05-20T12:02:51+00:00", "event": "battery_low", "vehicle_id": "V0068", "rider_id": "R0034", "battery_pct": 75.3}
{"ts": "2026-05-20T12:02:54+00:00", "event": "ride_start", "vehicle_id": "V0036", "rider_id": "R0060", "battery_pct": 43.5}
{"ts": "2026-05-20T12:02:57+00:00", "event": "ride_start", "vehicle_id": "V0075", "rider_id": "R0062", "battery_pct": 76.6}
{"ts": "2026-05-20T12:03:00+00:00", "event": "unlock_ok", "vehicle_id": "V0035", "rider_id": "R0080", "battery_pct": 58.7}
{"ts": "2026-05-20T12:03:03+00:00", "event": "ride_start", "vehicle_id": "V0056", "rider_id": "R0084", "battery_pct": 74.7}
{"ts": "2026-05-20T12:03:06+00:00", "event": "ride_end", "vehicle_id": "V0002", "rider_id": "R0037", "battery_pct": 46.5}
{"ts": "2026-05-20T12:03:09+00:00", "event": "unlock_ok", "vehicle_id": "V0020", "rider_id": "R0060", "battery_pct": 46.3}
{"ts": "2026-05-20T12:03:12+00:00", "event": "battery_low", "vehicle_id": "V0024", "rider_id": "R0010", "battery_pct": 32.8}
{"ts": "2026-05-20T12:03:15+00:00", "event": "ride_start", "vehicle_id": "V0043", "rider_id": "R0093", "battery_pct": 81.4}
{"ts": "2026-05-20T12:03:18+00:00", "event": "ride_start", "vehicle_id": "V0035", "rider_id": "R0030", "battery_pct": 56.9}
{"ts": "2026-05-20T12:03:21+00:00", "event": "ride_start", "vehicle_id": "V0046", "rider_id": "R0053", "battery_pct": 59.0}
{"ts": "2026-05-20T12:03:24+00:00", "event": "battery_low", "vehicle_id": "V0048", "rider_id": "R0010", "battery_pct": 76.4}
{"ts": "2026-05-20T12:03:27+00:00", "event": "battery_low", "vehicle_id": "V0024", "rider_id": "R0074", "battery_pct": 71.0}
{"ts": "2026-05-20T12:03:30+00:00", "event": "unlock_ok", "vehicle_id": "V0020", "rider_id": "R0088", "battery_pct": 70.9}
{"ts": "2026-05-20T12:03:33+00:00", "event": "unlock_ok", "vehicle_id": "V0043", "rider_id": "R0017", "battery_pct": 46.3}
{"ts": "2026-05-20T12:03:36+00:00", "event": "ride_end", "vehicle_id": "V0018", "rider_id": "R0087", "battery_pct": 58.9}
{"ts": "2026-05-20T12:03:39+00:00", "event": "ride_end", "vehicle_id": "V0076", "rider_id": "R0119", "battery_pct": 46.6}
{"ts": "2026-05-20T12:03:42+00:00", "event": "ride_end", "vehicle_id": "V0033", "rider_id": "R0041", "battery_pct": 39.1}
{"ts": "2026-05-20T12:03:45+00:00", "event": "battery_low", "vehicle_id": "V0000", "rider_id": "R0024", "battery_pct": 32.5}
{"ts": "2026-05-20T12:03:48+00:00", "event": "ride_end", "vehicle_id": "V0021", "rider_id": "R0087", "battery_pct": 71.5}
{"ts": "2026-05-20T12:03:51+00:00", "event": "ride_end", "vehicle_id": "V0008", "rider_id": "R0061", "battery_pct": 51.0}
{"ts": "2026-05-20T12:03:54+00:00", "event": "ride_start", "vehicle_id": "V0078", "rider_id": "R0024", "battery_pct": 59.3}
{"ts": "2026-05-20T12:03:57+00:00", "event": "ride_start", "vehicle_id": "V0036", "rider_id": "R0104", "battery_pct": 69.9}
{"ts": "2026-05-20T12:04:00+00:00", "event": "unlock_ok", "vehicle_id": "V0063", "rider_id": "R0025", "battery_pct": 104.1}
{"ts": "2026-05-20T12:04:03+00:00", "event": "ride_end", "vehicle_id": "V0048", "rider_id": "R0055", "battery_pct": 66.4}
{"ts": "2026-05-20T12:04:06+00:00", "event": "ride_end", "vehicle_id": "V0079", "rider_id": "R0101", "battery_pct": 60.4}
{"ts": "2026-05-20T12:04:09+00:00", "event": "unlock_ok", "vehicle_id": "V0017", "rider_id": "R0054", "battery_pct": 64.6}
{"ts": "2026-05-20T12:04:12+00:00", "event": "battery_low", "vehicle_id": "V0040", "rider_id": "R0087", "battery_pct": 39.2}
{"ts": "2026-05-20T12:04:15+00:00", "event": "ride_start", "vehicle_id": "V0023", "rider_id": "R0056", "battery_pct": 68.1}
{"ts": "2026-05-20T12:04:18+00:00", "event": "ride_end", "vehicle_id": "V0044", "rider_id": "R0098", "battery_pct": 51.3}
{"ts": "2026-05-20T12:04:21+00:00", "event": "battery_low", "vehicle_id": "V0014", "rider_id": "R0076", "battery_pct": 75.6}
{"ts": "2026-05-20T12:04:24+00:00", "event": "unlock_ok", "vehicle_id": "V0007", "rider_id": "R0071", "battery_pct": 98.4}
{"ts": "2026-05-20T12:04:27+00:00", "event": "ride_start", "vehicle_id": "V0069", "rider_id": "R0063", "battery_pct": 13.8}
{"ts": "2026-05-20T12:04:30+00:00", "event": "unlock_ok", "vehicle_id": "V0016", "rider_id": "R0094", "battery_pct": 36.1}
{"ts": "2026-05-20T12:04:33+00:00", "event": "unlock_ok", "vehicle_id": "V0050", "rider_id": "R0066", "battery_pct": 26.0}
{"ts": "2026-05-20T12:04:36+00:00", "event": "payment_fail", "vehicle_id": "V0054", "rider_id": "R0013", "battery_pct": 60.1}
{"ts": "2026-05-20T12:04:39+00:00", "event": "unlock_ok", "vehicle_id": "V0061", "rider_id": "R0049", "battery_pct": 75.1}
{"ts": "2026-05-20T12:04:42+00:00", "event": "ride_end", "vehicle_id": "V0038", "rider_id": "R0067", "battery_pct": 48.1}
{"ts": "2026-05-20T12:04:45+00:00", "event": "ride_start", "vehicle_id": "V0033", "rider_id": "R0011", "battery_pct": 74.2}
{"ts": "2026-05-20T12:04:48+00:00", "event": "ride_end", "vehicle_id": "V0029", "rider_id": "R0077", "battery_pct": 47.7}
{"ts": "2026-05-20T12:04:51+00:00", "event": "unlock_ok", "vehicle_id": "V0028", "rider_id": "R0107", "battery_pct": 44.2}
{"ts": "2026-05-20T12:04:54+00:00", "event": "ride_end", "vehicle_id": "V0068", "rider_id": "R0029", "battery_pct": 61.0}
{"ts": "2026-05-20T12:04:57+00:00", "event": "ride_start", "vehicle_id": "V0032", "rider_id": "R0111", "battery_pct": 45.6}
{"ts": "2026-05-20T12:05:00+00:00", "event": "ride_start", "vehicle_id": "V0020", "rider_id": "R0021", "battery_pct": 56.2}
{"ts": "2026-05-20T12:05:03+00:00", "event": "ride_start", "vehicle_id": "V0017", "rider_id": "R0084", "battery_pct": 47.3}
{"ts": "2026-05-20T12:05:06+00:00", "event": "unlock_ok", "vehicle_id": "V0042", "rider_id": "R0005", "battery_pct": 72.2}
{"ts": "2026-05-20T12:05:09+00:00", "event": "ride_start", "vehicle_id": "V0053", "rider_id": "R0093", "battery_pct": 66.8}
{"ts": "2026-05-20T12:05:12+00:00", "event": "ride_end", "vehicle_id": "V0059", "rider_id": "R0097", "battery_pct": 46.3}
{"ts": "2026-05-20T12:05:15+00:00", "event": "battery_low", "vehicle_id": "V0037", "rider_id": "R0056", "battery_pct": 56.0}
{"ts": "2026-05-20T12:05:18+00:00", "event": "ride_start", "vehicle_id": "V0056", "rider_id": "R0034", "battery_pct": 62.8}
{"ts": "2026-05-20T12:05:21+00:00", "event": "unlock_ok", "vehicle_id": "V0079", "rider_id": "R0094", "battery_pct": 56.0}
{"ts": "2026-05-20T12:05:24+00:00", "event": "unlock_ok", "vehicle_id": "V0072", "rider_id": "R0065", "battery_pct": 49.8}
{"ts": "2026-05-20T12:05:27+00:00", "event": "ride_end", "vehicle_id": "V0059", "rider_id": "R0058", "battery_pct": 50.4}
{"ts": "2026-05-20T12:05:30+00:00", "event": "ride_start", "vehicle_id": "V0010", "rider_id": "R0082", "battery_pct": 55.1}
{"ts": "2026-05-20T12:05:33+00:00", "event": "ride_end", "vehicle_id": "V0001", "rider_id": "R0059", "battery_pct": 64.5}
{"ts": "2026-05-20T12:05:36+00:00", "event": "ride_start", "vehicle_id": "V0021", "rider_id": "R0031", "battery_pct": 78.8}
{"ts": "2026-05-20T12:05:39+00:00", "event": "ride_end", "vehicle_id": "V0055", "rider_id": "R0098", "battery_pct": 64.2}
{"ts": "2026-05-20T12:05:42+00:00", "event": "ride_start", "vehicle_id": "V0012", "rider_id": "R0058", "battery_pct": 56.4}
{"ts": "2026-05-20T12:05:45+00:00", "event": "ride_end", "vehicle_id": "V0037", "rider_id": "R0020", "battery_pct": 93.0}
{"ts": "2026-05-20T12:05:48+00:00", "event": "ride_start", "vehicle_id": "V0007", "rider_id": "R0028", "battery_pct": 94.7}
{"ts": "2026-05-20T12:05:51+00:00", "event": "unlock_ok", "vehicle_id": "V0055", "rider_id": "R0109", "battery_pct": 41.6}
{"ts": "2026-05-20T12:05:54+00:00", "event": "ride_start", "vehicle_id": "V0051", "rider_id": "R0081", "battery_pct": 77.3}
{"ts": "2026-05-20T12:05:57+00:00", "event": "payment_fail", "vehicle_id": "V0066", "rider_id": "R0106", "battery_pct": 36.1}
{"ts": "2026-05-20T12:06:00+00:00", "event": "battery_low", "vehicle_id": "V0012", "rider_id": "R0070", "battery_pct": 38.3}
{"ts": "2026-05-20T12:06:03+00:00", "event": "ride_end", "vehicle_id": "V0009", "rider_id": "R0096", "battery_pct": 4.0}
{"ts": "2026-05-20T12:06:06+00:00", "event": "ride_start", "vehicle_id": "V0043", "rider_id": "R0044", "battery_pct": 49.5}
{"ts": "2026-05-20T12:06:09+00:00", "event": "unlock_ok", "vehicle_id": "V0015", "rider_id": "R0028", "battery_pct": 72.1}
{"ts": "2026-05-20T12:06:12+00:00", "event": "payment_fail", "vehicle_id": "V0010", "rider_id": "R0060", "battery_pct": 55.3}
{"ts": "2026-05-20T12:06:15+00:00", "event": "unlock_ok", "vehicle_id": "V0053", "rider_id": "R0116", "battery_pct": 20.5}
{"ts": "2026-05-20T12:06:18+00:00", "event": "unlock_ok", "vehicle_id": "V0048", "rider_id": "R0118", "battery_pct": 77.1}
{"ts": "2026-05-20T12:06:21+00:00", "event": "ride_end", "vehicle_id": "V0069", "rider_id": "R0029", "battery_pct": 65.5}
{"ts": "2026-05-20T12:06:24+00:00", "event": "ride_end", "vehicle_id": "V0066", "rider_id": "R0109", "battery_pct": 60.3}
{"ts": "2026-05-20T12:06:27+00:00", "event": "payment_fail", "vehicle_id": "V0056", "rider_id": "R0071", "battery_pct": 43.5}
{"ts": "2026-05-20T12:06:30+00:00", "event": "unlock_ok", "vehicle_id": "V0043", "rider_id": "R0105", "battery_pct": 73.8}
{"ts": "2026-05-20T12:06:33+00:00", "event": "ride_end", "vehicle_id": "V0019", "rider_id": "R0032", "battery_pct": 47.6}
{"ts": "2026-05-20T12:06:36+00:00", "event": "unlock_ok", "vehicle_id": "V0000", "rider_id": "R0024", "battery_pct": 74.8}
{"ts": "2026-05-20T12:06:39+00:00", "event": "ride_end", "vehicle_id": "V0076", "rider_id": "R0034", "battery_pct": 74.4}
{"ts": "2026-05-20T12:06:42+00:00", "event": "unlock_ok", "vehicle_id": "V0020", "rider_id": "R0044", "battery_pct": 47.0}
{"ts": "2026-05-20T12:06:45+00:00", "event": "battery_low", "vehicle_id": "V0046", "rider_id": "R0011", "battery_pct": 63.8}
{"ts": "2026-05-20T12:06:48+00:00", "event": "ride_start", "vehicle_id": "V0038", "rider_id": "R0016", "battery_pct": 72.4}
{"ts": "2026-05-20T12:06:51+00:00", "event": "ride_end", "vehicle_id": "V0064", "rider_id": "R0073", "battery_pct": 78.2}
{"ts": "2026-05-20T12:06:54+00:00", "event": "unlock_ok", "vehicle_id": "V0079", "rider_id": "R0017", "battery_pct": 54.7}
{"ts": "2026-05-20T12:06:57+00:00", "event": "battery_low", "vehicle_id": "V0023", "rider_id": "R0042", "battery_pct": 99.1}
{"ts": "2026-05-20T12:07:00+00:00", "event": "payment_fail", "vehicle_id": "V0046", "rider_id": "R0068", "battery_pct": 87.0}
{"ts": "2026-05-20T12:07:03+00:00", "event": "unlock_ok", "vehicle_id": "V0059", "rider_id": "R0013", "battery_pct": 47.6}
{"ts": "2026-05-20T12:07:06+00:00", "event": "ride_start", "vehicle_id": "V0055", "rider_id": "R0073", "battery_pct": 60.8}
{"ts": "2026-05-20T12:07:09+00:00", "event": "battery_low", "vehicle_id": "V0009", "rider_id": "R0090", "battery_pct": 64.3}
{"ts": "2026-05-20T12:07:12+00:00", "event": "ride_end", "vehicle_id": "V0077", "rider_id": "R0023", "battery_pct": 91.6}
{"ts": "2026-05-20T12:07:15+00:00", "event": "ride_end", "vehicle_id": "V0041", "rider_id": "R0089", "battery_pct": 22.8}
{"ts": "2026-05-20T12:07:18+00:00", "event": "ride_end", "vehicle_id": "V0028", "rider_id": "R0071", "battery_pct": 58.4}
{"ts": "2026-05-20T12:07:21+00:00", "event": "ride_start", "vehicle_id": "V0049", "rider_id": "R0021", "battery_pct": 55.1}
{"ts": "2026-05-20T12:07:24+00:00", "event": "ride_end", "vehicle_id": "V0064", "rider_id": "R0118", "battery_pct": 59.3}
{"ts": "2026-05-20T12:07:27+00:00", "event": "ride_start", "vehicle_id": "V0077", "rider_id": "R0026", "battery_pct": 90.2}
{"ts": "2026-05-20T12:07:30+00:00", "event": "ride_end", "vehicle_id": "V0038", "rider_id": "R0083", "battery_pct": 38.3}
{"ts": "2026-05-20T12:07:33+00:00", "event": "ride_end", "vehicle_id": "V0042", "rider_id": "R0035", "battery_pct": 58.6}
{"ts": "2026-05-20T12:07:36+00:00", "event": "ride_start", "vehicle_id": "V0005", "rider_id": "R0119", "battery_pct": 101.5}
{"ts": "2026-05-20T12:07:39+00:00", "event": "ride_start", "vehicle_id": "V0020", "rider_id": "R0044", "battery_pct": 73.3}
{"ts": "2026-05-20T12:07:42+00:00", "event": "ride_end", "vehicle_id": "V0057", "rider_id": "R0038", "battery_pct": 97.6}
{"ts": "2026-05-20T12:07:45+00:00", "event": "ride_start", "vehicle_id": "V0005", "rider_id": "R0038", "battery_pct": 45.1}
{"ts": "2026-05-20T12:07:48+00:00", "event": "unlock_ok", "vehicle_id": "V0046", "rider_id": "R0103", "battery_pct": 39.0}
{"ts": "2026-05-20T12:07:51+00:00", "event": "ride_start", "vehicle_id": "V0022", "rider_id": "R0024", "battery_pct": 70.8}
{"ts": "2026-05-20T12:07:54+00:00", "event": "ride_start", "vehicle_id": "V0052", "rider_id": "R0052", "battery_pct": 39.1}
{"ts": "2026-05-20T12:07:57+00:00", "event": "unlock_ok", "vehicle_id": "V0063", "rider_id": "R0035", "battery_pct": 17.3}
{"ts": "2026-05-20T12:08:00+00:00", "event": "ride_end", "vehicle_id": "V0021", "rider_id": "R0082", "battery_pct": 73.4}
{"ts": "2026-05-20T12:08:03+00:00", "event": "ride_end", "vehicle_id": "V0004", "rider_id": "R0033", "battery_pct": 46.7}
{"ts": "2026-05-20T12:08:06+00:00", "event": "unlock_ok", "vehicle_id": "V0016", "rider_id": "R0076", "battery_pct": 85.8}
{"ts": "2026-05-20T12:08:09+00:00", "event": "ride_end", "vehicle_id": "V0010", "rider_id": "R0115", "battery_pct": 41.0}
{"ts": "2026-05-20T12:08:12+00:00", "event": "ride_end", "vehicle_id": "V0017", "rider_id": "R0104", "battery_pct": 59.5}
{"ts": "2026-05-20T12:08:15+00:00", "event": "unlock_ok", "vehicle_id": "V0003", "rider_id": "R0039", "battery_pct": 63.0}
{"ts": "2026-05-20T12:08:18+00:00", "event": "payment_fail", "vehicle_id": "V0058", "rider_id": "R0112", "battery_pct": 57.2}
{"ts": "2026-05-20T12:08:21+00:00", "event": "battery_low", "vehicle_id": "V0067", "rider_id": "R0020", "battery_pct": 46.5}
{"ts": "2026-05-20T12:08:24+00:00", "event": "unlock_ok", "vehicle_id": "V0009", "rider_id": "R0009", "battery_pct": 21.7}
{"ts": "2026-05-20T12:08:27+00:00", "event": "ride_end", "vehicle_id": "V0071", "rider_id": "R0112", "battery_pct": 55.5}
{"ts": "2026-05-20T12:08:30+00:00", "event": "ride_end", "vehicle_id": "V0030", "rider_id": "R0034", "battery_pct": 62.2}
{"ts": "2026-05-20T12:08:33+00:00", "event": "ride_start", "vehicle_id": "V0013", "rider_id": "R0035", "battery_pct": 52.7}
{"ts": "2026-05-20T12:08:36+00:00", "event": "ride_end", "vehicle_id": "V0005", "rider_id": "R0118", "battery_pct": 61.8}
{"ts": "2026-05-20T12:08:39+00:00", "event": "ride_end", "vehicle_id": "V0074", "rider_id": "R0001", "battery_pct": 30.3}
{"ts": "2026-05-20T12:08:42+00:00", "event": "ride_start", "vehicle_id": "V0056", "rider_id": "R0097", "battery_pct": 60.1}
{"ts": "2026-05-20T12:08:45+00:00", "event": "battery_low", "vehicle_id": "V0022", "rider_id": "R0097", "battery_pct": 91.8}
{"ts": "2026-05-20T12:08:48+00:00", "event": "ride_start", "vehicle_id": "V0068", "rider_id": "R0002", "battery_pct": 52.7}
{"ts": "2026-05-20T12:08:51+00:00", "event": "ride_start", "vehicle_id": "V0062", "rider_id": "R0057", "battery_pct": 68.8}
{"ts": "2026-05-20T12:08:54+00:00", "event": "battery_low", "vehicle_id": "V0008", "rider_id": "R0073", "battery_pct": 77.2}
{"ts": "2026-05-20T12:08:57+00:00", "event": "payment_fail", "vehicle_id": "V0041", "rider_id": "R0004", "battery_pct": 35.4}
{"ts": "2026-05-20T12:09:00+00:00", "event": "ride_end", "vehicle_id": "V0036", "rider_id": "R0071", "battery_pct": 42.9}
{"ts": "2026-05-20T12:09:03+00:00", "event": "ride_end", "vehicle_id": "V0035", "rider_id": "R0062", "battery_pct": 76.4}
{"ts": "2026-05-20T12:09:06+00:00", "event": "payment_fail", "vehicle_id": "V0002", "rider_id": "R0070", "battery_pct": 40.8}
{"ts": "2026-05-20T12:09:09+00:00", "event": "payment_fail", "vehicle_id": "V0073", "rider_id": "R0088", "battery_pct": 31.0}
{"ts": "2026-05-20T12:09:12+00:00", "event": "battery_low", "vehicle_id": "V0055", "rider_id": "R0012", "battery_pct": 86.1}
{"ts": "2026-05-20T12:09:15+00:00", "event": "payment_fail", "vehicle_id": "V0017", "rider_id": "R0014", "battery_pct": 37.4}
{"ts": "2026-05-20T12:09:18+00:00", "event": "unlock_ok", "vehicle_id": "V0057", "rider_id": "R0106", "battery_pct": 38.4}
{"ts": "2026-05-20T12:09:21+00:00", "event": "unlock_ok", "vehicle_id": "V0059", "rider_id": "R0048", "battery_pct": 98.6}
{"ts": "2026-05-20T12:09:24+00:00", "event": "ride_start", "vehicle_id": "V0036", "rider_id": "R0003", "battery_pct": 103.6}
{"ts": "2026-05-20T12:09:27+00:00", "event": "battery_low", "vehicle_id": "V0031", "rider_id": "R0069", "battery_pct": 60.7}
{"ts": "2026-05-20T12:09:30+00:00", "event": "ride_end", "vehicle_id": "V0015", "rider_id": "R0035", "battery_pct": 72.9}
{"ts": "2026-05-20T12:09:33+00:00", "event": "unlock_ok", "vehicle_id": "V0043", "rider_id": "R0042", "battery_pct": 45.1}
{"ts": "2026-05-20T12:09:36+00:00", "event": "ride_start", "vehicle_id": "V0046", "rider_id": "R0018", "battery_pct": 89.4}
{"ts": "2026-05-20T12:09:39+00:00", "event": "unlock_ok", "vehicle_id": "V0041", "rider_id": "R0119", "battery_pct": 38.7}
{"ts": "2026-05-20T12:09:42+00:00", "event": "ride_start", "vehicle_id": "V0054", "rider_id": "R0030", "battery_pct": 75.3}
{"ts": "2026-05-20T12:09:45+00:00", "event": "ride_start", "vehicle_id": "V0009", "rider_id": "R0025", "battery_pct": 36.8}
{"ts": "2026-05-20T12:09:48+00:00", "event": "unlock_ok", "vehicle_id": "V0047", "rider_id": "R0000", "battery_pct": 62.5}
{"ts": "2026-05-20T12:09:51+00:00", "event": "ride_end", "vehicle_id": "V0071", "rider_id": "R0006", "battery_pct": 57.3}
{"ts": "2026-05-20T12:09:54+00:00", "event": "ride_end", "vehicle_id": "V0044", "rider_id": "R0003", "battery_pct": 49.6}
{"ts": "2026-05-20T12:09:57+00:00", "event": "ride_end", "vehicle_id": "V0045", "rider_id": "R0093", "battery_pct": 54.1}
{"ts": "2026-05-20T12:10:00+00:00", "event": "ride_start", "vehicle_id": "V0063", "rider_id": "R0087", "battery_pct": 81.9}
{"ts": "2026-05-20T12:10:03+00:00", "event": "ride_end", "vehicle_id": "V0020", "rider_id": "R0061", "battery_pct": 12.1}
{"ts": "2026-05-20T12:10:06+00:00", "event": "unlock_ok", "vehicle_id": "V0008", "rider_id": "R0051", "battery_pct": 24.5}
{"ts": "2026-05-20T12:10:09+00:00", "event": "ride_start", "vehicle_id": "V0035", "rider_id": "R0022", "battery_pct": 66.8}
{"ts": "2026-05-20T12:10:12+00:00", "event": "unlock_ok", "vehicle_id": "V0009", "rider_id": "R0096", "battery_pct": 75.3}
{"ts": "2026-05-20T12:10:15+00:00", "event": "ride_start", "vehicle_id": "V0062", "rider_id": "R0068", "battery_pct": 57.7}
{"ts": "2026-05-20T12:10:18+00:00", "event": "ride_start", "vehicle_id": "V0034", "rider_id": "R0033", "battery_pct": 124.2}
{"ts": "2026-05-20T12:10:21+00:00", "event": "unlock_ok", "vehicle_id": "V0059", "rider_id": "R0031", "battery_pct": 80.0}
{"ts": "2026-05-20T12:10:24+00:00", "event": "payment_fail", "vehicle_id": "V0025", "rider_id": "R0101", "battery_pct": 39.7}
{"ts": "2026-05-20T12:10:27+00:00", "event": "ride_start", "vehicle_id": "V0056", "rider_id": "R0089", "battery_pct": 57.0}
{"ts": "2026-05-20T12:10:30+00:00", "event": "ride_start", "vehicle_id": "V0051", "rider_id": "R0025", "battery_pct": 92.0}
{"ts": "2026-05-20T12:10:33+00:00", "event": "ride_end", "vehicle_id": "V0004", "rider_id": "R0105", "battery_pct": 80.2}
{"ts": "2026-05-20T12:10:36+00:00", "event": "payment_fail", "vehicle_id": "V0066", "rider_id": "R0115", "battery_pct": 20.2}
{"ts": "2026-05-20T12:10:39+00:00", "event": "ride_end", "vehicle_id": "V0074", "rider_id": "R0054", "battery_pct": 71.0}
{"ts": "2026-05-20T12:10:42+00:00", "event": "ride_end", "vehicle_id": "V0064", "rider_id": "R0106", "battery_pct": 20.3}
{"ts": "2026-05-20T12:10:45+00:00", "event": "unlock_ok", "vehicle_id": "V0009", "rider_id": "R0070", "battery_pct": 93.1}
{"ts": "2026-05-20T12:10:48+00:00", "event": "unlock_ok", "vehicle_id": "V0037", "rider_id": "R0083", "battery_pct": 37.7}
{"ts": "2026-05-20T12:10:51+00:00", "event": "unlock_ok", "vehicle_id": "V0016", "rider_id": "R0069", "battery_pct": 36.7}
{"ts": "2026-05-20T12:10:54+00:00", "event": "ride_start", "vehicle_id": "V0054", "rider_id": "R0106", "battery_pct": 59.0}
{"ts": "2026-05-20T12:10:57+00:00", "event": "ride_end", "vehicle_id": "V0046", "rider_id": "R0068", "battery_pct": 29.7}
{"ts": "2026-05-20T12:11:00+00:00", "event": "battery_low", "vehicle_id": "V0060", "rider_id": "R0095", "battery_pct": 97.0}
{"ts": "2026-05-20T12:11:03+00:00", "event": "unlock_ok", "vehicle_id": "V0078", "rider_id": "R0118", "battery_pct": 46.3}
{"ts": "2026-05-20T12:11:06+00:00", "event": "unlock_ok", "vehicle_id": "V0066", "rider_id": "R0036", "battery_pct": 37.4}
{"ts": "2026-05-20T12:11:09+00:00", "event": "ride_end", "vehicle_id": "V0056", "rider_id": "R0091", "battery_pct": 75.2}
{"ts": "2026-05-20T12:11:12+00:00", "event": "ride_end", "vehicle_id": "V0039", "rider_id": "R0098", "battery_pct": 105.8}
{"ts": "2026-05-20T12:11:15+00:00", "event": "unlock_ok", "vehicle_id": "V0024", "rider_id": "R0036", "battery_pct": 65.5}
{"ts": "2026-05-20T12:11:18+00:00", "event": "ride_end", "vehicle_id": "V0000", "rider_id": "R0108", "battery_pct": 16.4}
{"ts": "2026-05-20T12:11:21+00:00", "event": "ride_end", "vehicle_id": "V0074", "rider_id": "R0047", "battery_pct": 60.2}
{"ts": "2026-05-20T12:11:24+00:00", "event": "ride_start", "vehicle_id": "V0020", "rider_id": "R0092", "battery_pct": 75.0}
{"ts": "2026-05-20T12:11:27+00:00", "event": "ride_start", "vehicle_id": "V0052", "rider_id": "R0075", "battery_pct": 70.7}
{"ts": "2026-05-20T12:11:30+00:00", "event": "unlock_ok", "vehicle_id": "V0029", "rider_id": "R0037", "battery_pct": 95.8}
{"ts": "2026-05-20T12:11:33+00:00", "event": "unlock_ok", "vehicle_id": "V0059", "rider_id": "R0108", "battery_pct": 44.5}
{"ts": "2026-05-20T12:11:36+00:00", "event": "ride_end", "vehicle_id": "V0006", "rider_id": "R0099", "battery_pct": 70.0}
{"ts": "2026-05-20T12:11:39+00:00", "event": "battery_low", "vehicle_id": "V0021", "rider_id": "R0012", "battery_pct": 81.1}
{"ts": "2026-05-20T12:11:42+00:00", "event": "unlock_ok", "vehicle_id": "V0072", "rider_id": "R0018", "battery_pct": 48.1}
{"ts": "2026-05-20T12:11:45+00:00", "event": "ride_start", "vehicle_id": "V0031", "rider_id": "R0017", "battery_pct": 83.9}
{"ts": "2026-05-20T12:11:48+00:00", "event": "ride_start", "vehicle_id": "V0076", "rider_id": "R0045", "battery_pct": 63.2}
{"ts": "2026-05-20T12:11:51+00:00", "event": "unlock_ok", "vehicle_id": "V0059", "rider_id": "R0069", "battery_pct": 99.4}
{"ts": "2026-05-20T12:11:54+00:00", "event": "payment_fail", "vehicle_id": "V0009", "rider_id": "R0004", "battery_pct": 43.0}
{"ts": "2026-05-20T12:11:57+00:00", "event": "ride_start", "vehicle_id": "V0050", "rider_id": "R0064", "battery_pct": 50.9}
{"ts": "2026-05-20T12:12:00+00:00", "event": "ride_end", "vehicle_id": "V0033", "rider_id": "R0034", "battery_pct": 50.6}
{"ts": "2026-05-20T12:12:03+00:00", "event": "ride_start", "vehicle_id": "V0025", "rider_id": "R0051", "battery_pct": 65.8}
{"ts": "2026-05-20T12:12:06+00:00", "event": "ride_start", "vehicle_id": "V0052", "rider_id": "R0083", "battery_pct": 50.1}
{"ts": "2026-05-20T12:12:09+00:00", "event": "unlock_ok", "vehicle_id": "V0009", "rider_id": "R0109", "battery_pct": 58.0}
{"ts": "2026-05-20T12:12:12+00:00", "event": "battery_low", "vehicle_id": "V0057", "rider_id": "R0063", "battery_pct": 54.6}
{"ts": "2026-05-20T12:12:15+00:00", "event": "unlock_ok", "vehicle_id": "V0058", "rider_id": "R0109", "battery_pct": 17.2}
{"ts": "2026-05-20T12:12:18+00:00", "event": "ride_start", "vehicle_id": "V0022", "rider_id": "R0111", "battery_pct": 63.1}
{"ts": "2026-05-20T12:12:21+00:00", "event": "ride_end", "vehicle_id": "V0067", "rider_id": "R0063", "battery_pct": 48.8}
{"ts": "2026-05-20T12:12:24+00:00", "event": "unlock_ok", "vehicle_id": "V0055", "rider_id": "R0080", "battery_pct": 80.5}
{"ts": "2026-05-20T12:12:27+00:00", "event": "payment_fail", "vehicle_id": "V0048", "rider_id": "R0094", "battery_pct": 71.2}
{"ts": "2026-05-20T12:12:30+00:00", "event": "ride_end", "vehicle_id": "V0050", "rider_id": "R0056", "battery_pct": 58.8}
{"ts": "2026-05-20T12:12:33+00:00", "event": "ride_start", "vehicle_id": "V0049", "rider_id": "R0108", "battery_pct": 60.0}
{"ts": "2026-05-20T12:12:36+00:00", "event": "ride_start", "vehicle_id": "V0013", "rider_id": "R0085", "battery_pct": 33.4}
{"ts": "2026-05-20T12:12:39+00:00", "event": "ride_end", "vehicle_id": "V0044", "rider_id": "R0064", "battery_pct": 29.2}
{"ts": "2026-05-20T12:12:42+00:00", "event": "battery_low", "vehicle_id": "V0072", "rider_id": "R0100", "battery_pct": 61.3}
{"ts": "2026-05-20T12:12:45+00:00", "event": "unlock_ok", "vehicle_id": "V0055", "rider_id": "R0118", "battery_pct": 69.4}
{"ts": "2026-05-20T12:12:48+00:00", "event": "ride_end", "vehicle_id": "V0019", "rider_id": "R0074", "battery_pct": 48.8}
{"ts": "2026-05-20T12:12:51+00:00", "event": "ride_end", "vehicle_id": "V0016", "rider_id": "R0088", "battery_pct": 24.2}
{"ts": "2026-05-20T12:12:54+00:00", "event": "ride_start", "vehicle_id": "V0077", "rider_id": "R0016", "battery_pct": 39.7}
{"ts": "2026-05-20T12:12:57+00:00", "event": "payment_fail", "vehicle_id": "V0014", "rider_id": "R0067", "battery_pct": 63.4}
{"ts": "2026-05-20T12:13:00+00:00", "event": "battery_low", "vehicle_id": "V0077", "rider_id": "R0089", "battery_pct": 61.2}
{"ts": "2026-05-20T12:13:03+00:00", "event": "unlock_ok", "vehicle_id": "V0073", "rider_id": "R0092", "battery_pct": 83.5}
{"ts": "2026-05-20T12:13:06+00:00", "event": "ride_start", "vehicle_id": "V0068", "rider_id": "R0117", "battery_pct": 44.7}
{"ts": "2026-05-20T12:13:09+00:00", "event": "unlock_ok", "vehicle_id": "V0075", "rider_id": "R0044", "battery_pct": 47.0}
{"ts": "2026-05-20T12:13:12+00:00", "event": "unlock_ok", "vehicle_id": "V0036", "rider_id": "R0017", "battery_pct": 55.0}
{"ts": "2026-05-20T12:13:15+00:00", "event": "ride_end", "vehicle_id": "V0000", "rider_id": "R0060", "battery_pct": 82.8}
{"ts": "2026-05-20T12:13:18+00:00", "event": "ride_end", "vehicle_id": "V0019", "rider_id": "R0094", "battery_pct": 22.4}
{"ts": "2026-05-20T12:13:21+00:00", "event": "unlock_ok", "vehicle_id": "V0036", "rider_id": "R0109", "battery_pct": 37.5}
{"ts": "2026-05-20T12:13:24+00:00", "event": "ride_start", "vehicle_id": "V0064", "rider_id": "R0102", "battery_pct": 72.3}
{"ts": "2026-05-20T12:13:27+00:00", "event": "unlock_ok", "vehicle_id": "V0031", "rider_id": "R0037", "battery_pct": 59.2}
{"ts": "2026-05-20T12:13:30+00:00", "event": "ride_end", "vehicle_id": "V0010", "rider_id": "R0032", "battery_pct": 66.7}
{"ts": "2026-05-20T12:13:33+00:00", "event": "battery_low", "vehicle_id": "V0036", "rider_id": "R0080", "battery_pct": 63.4}
{"ts": "2026-05-20T12:13:36+00:00", "event": "ride_start", "vehicle_id": "V0079", "rider_id": "R0029", "battery_pct": 75.8}
{"ts": "2026-05-20T12:13:39+00:00", "event": "unlock_ok", "vehicle_id": "V0011", "rider_id": "R0009", "battery_pct": 76.2}
{"ts": "2026-05-20T12:13:42+00:00", "event": "unlock_ok", "vehicle_id": "V0079", "rider_id": "R0115", "battery_pct": 74.1}
{"ts": "2026-05-20T12:13:45+00:00", "event": "ride_end", "vehicle_id": "V0063", "rider_id": "R0066", "battery_pct": 73.0}
{"ts": "2026-05-20T12:13:48+00:00", "event": "ride_start", "vehicle_id": "V0063", "rider_id": "R0039", "battery_pct": 53.3}
{"ts": "2026-05-20T12:13:51+00:00", "event": "payment_fail", "vehicle_id": "V0061", "rider_id": "R0044", "battery_pct": 88.3}
{"ts": "2026-05-20T12:13:54+00:00", "event": "unlock_ok", "vehicle_id": "V0017", "rider_id": "R0059", "battery_pct": 65.5}
{"ts": "2026-05-20T12:13:57+00:00", "event": "ride_start", "vehicle_id": "V0006", "rider_id": "R0014", "battery_pct": 44.6}
{"ts": "2026-05-20T12:14:00+00:00", "event": "ride_end", "vehicle_id": "V0037", "rider_id": "R0042", "battery_pct": 91.4}
{"ts": "2026-05-20T12:14:03+00:00", "event": "ride_end", "vehicle_id": "V0037", "rider_id": "R0042", "battery_pct": 43.6}
{"ts": "2026-05-20T12:14:06+00:00", "event": "battery_low", "vehicle_id": "V0063", "rider_id": "R0100", "battery_pct": 52.4}
{"ts": "2026-05-20T12:14:09+00:00", "event": "unlock_ok", "vehicle_id": "V0018", "rider_id": "R0048", "battery_pct": 106.8}
{"ts": "2026-05-20T12:14:12+00:00", "event": "ride_end", "vehicle_id": "V0023", "rider_id": "R0071", "battery_pct": 49.9}
{"ts": "2026-05-20T12:14:15+00:00", "event": "ride_end", "vehicle_id": "V0067", "rider_id": "R0079", "battery_pct": 40.3}
{"ts": "2026-05-20T12:14:18+00:00", "event": "unlock_ok", "vehicle_id": "V0024", "rider_id": "R0032", "battery_pct": 90.5}
{"ts": "2026-05-20T12:14:21+00:00", "event": "unlock_ok", "vehicle_id": "V0008", "rider_id": "R0094", "battery_pct": 78.4}
{"ts": "2026-05-20T12:14:24+00:00", "event": "ride_start", "vehicle_id": "V0014", "rider_id": "R0025", "battery_pct": 45.0}
{"ts": "2026-05-20T12:14:27+00:00", "event": "ride_end", "vehicle_id": "V0075", "rider_id": "R0009", "battery_pct": 64.1}
{"ts": "2026-05-20T12:14:30+00:00", "event": "ride_end", "vehicle_id": "V0008", "rider_id": "R0090", "battery_pct": 43.7}
{"ts": "2026-05-20T12:14:33+00:00", "event": "unlock_ok", "vehicle_id": "V0002", "rider_id": "R0085", "battery_pct": 66.5}
{"ts": "2026-05-20T12:14:36+00:00", "event": "ride_end", "vehicle_id": "V0041", "rider_id": "R0084", "battery_pct": 79.3}
{"ts": "2026-05-20T12:14:39+00:00", "event": "ride_start", "vehicle_id": "V0067", "rider_id": "R0012", "battery_pct": 36.0}
{"ts": "2026-05-20T12:14:42+00:00", "event": "ride_start", "vehicle_id": "V0075", "rider_id": "R0037", "battery_pct": 76.8}
{"ts": "2026-05-20T12:14:45+00:00", "event": "unlock_ok", "vehicle_id": "V0033", "rider_id": "R0114", "battery_pct": 19.4}
{"ts": "2026-05-20T12:14:48+00:00", "event": "payment_fail", "vehicle_id": "V0004", "rider_id": "R0028", "battery_pct": 32.8}
{"ts": "2026-05-20T12:14:51+00:00", "event": "ride_end", "vehicle_id": "V0048", "rider_id": "R0109", "battery_pct": 33.6}
{"ts": "2026-05-20T12:14:54+00:00", "event": "ride_start", "vehicle_id": "V0072", "rider_id": "R0077", "battery_pct": 47.7}
{"ts": "2026-05-20T12:14:57+00:00", "event": "ride_start", "vehicle_id": "V0005", "rider_id": "R0008", "battery_pct": 43.6}
{"ts": "2026-05-20T12:15:00+00:00", "event": "payment_fail", "vehicle_id": "V0040", "rider_id": "R0074", "battery_pct": 77.4}
{"ts": "2026-05-20T12:15:03+00:00", "event": "ride_end", "vehicle_id": "V0011", "rider_id": "R0109", "battery_pct": 71.1}
{"ts": "2026-05-20T12:15:06+00:00", "event": "ride_end", "vehicle_id": "V0046", "rider_id": "R0000", "battery_pct": 31.8}
{"ts": "2026-05-20T12:15:09+00:00", "event": "ride_end", "vehicle_id": "V0010", "rider_id": "R0003", "battery_pct": 89.6}
{"ts": "2026-05-20T12:15:12+00:00", "event": "ride_start", "vehicle_id": "V0051", "rider_id": "R0074", "battery_pct": 20.0}
{"ts": "2026-05-20T12:15:15+00:00", "event": "unlock_ok", "vehicle_id": "V0066", "rider_id": "R0104", "battery_pct": 46.7}
{"ts": "2026-05-20T12:15:18+00:00", "event": "battery_low", "vehicle_id": "V0064", "rider_id": "R0116", "battery_pct": 83.1}
{"ts": "2026-05-20T12:15:21+00:00", "event": "ride_start", "vehicle_id": "V0031", "rider_id": "R0090", "battery_pct": 80.0}
{"ts": "2026-05-20T12:15:24+00:00", "event": "ride_start", "vehicle_id": "V0070", "rider_id": "R0082", "battery_pct": 24.6}
{"ts": "2026-05-20T12:15:27+00:00", "event": "ride_start", "vehicle_id": "V0000", "rider_id": "R0077", "battery_pct": 71.1}
{"ts": "2026-05-20T12:15:30+00:00", "event": "ride_end", "vehicle_id": "V0009", "rider_id": "R0016", "battery_pct": 48.9}
{"ts": "2026-05-20T12:15:33+00:00", "event": "battery_low", "vehicle_id": "V0068", "rider_id": "R0111", "battery_pct": 54.3}
{"ts": "2026-05-20T12:15:36+00:00", "event": "unlock_ok", "vehicle_id": "V0004", "rider_id": "R0087", "battery_pct": 52.5}
{"ts": "2026-05-20T12:15:39+00:00", "event": "ride_end", "vehicle_id": "V0035", "rider_id": "R0008", "battery_pct": 38.1}
{"ts": "2026-05-20T12:15:42+00:00", "event": "unlock_ok", "vehicle_id": "V0046", "rider_id": "R0008", "battery_pct": 62.0}
{"ts": "2026-05-20T12:15:45+00:00", "event": "unlock_ok", "vehicle_id": "V0008", "rider_id": "R0059", "battery_pct": 65.1}
{"ts": "2026-05-20T12:15:48+00:00", "event": "ride_start", "vehicle_id": "V0038", "rider_id": "R0004", "battery_pct": 32.4}
{"ts": "2026-05-20T12:15:51+00:00", "event": "ride_start", "vehicle_id": "V0048", "rider_id": "R0003", "battery_pct": 46.7}
{"ts": "2026-05-20T12:15:54+00:00", "event": "ride_end", "vehicle_id": "V0014", "rider_id": "R0010", "battery_pct": 36.1}
{"ts": "2026-05-20T12:15:57+00:00", "event": "ride_start", "vehicle_id": "V0069", "rider_id": "R0097", "battery_pct": 53.5}
{"ts": "2026-05-20T12:16:00+00:00", "event": "ride_end", "vehicle_id": "V0046", "rider_id": "R0007", "battery_pct": 27.0}
{"ts": "2026-05-20T12:16:03+00:00", "event": "unlock_ok", "vehicle_id": "V0061", "rider_id": "R0011", "battery_pct": 58.1}
{"ts": "2026-05-20T12:16:06+00:00", "event": "payment_fail", "vehicle_id": "V0042", "rider_id": "R0062", "battery_pct": 51.5}
{"ts": "2026-05-20T12:16:09+00:00", "event": "ride_end", "vehicle_id": "V0000", "rider_id": "R0019", "battery_pct": 51.9}
{"ts": "2026-05-20T12:16:12+00:00", "event": "payment_fail", "vehicle_id": "V0020", "rider_id": "R0009", "battery_pct": 43.9}
{"ts": "2026-05-20T12:16:15+00:00", "event": "ride_start", "vehicle_id": "V0008", "rider_id": "R0106", "battery_pct": 30.2}
{"ts": "2026-05-20T12:16:18+00:00", "event": "ride_end", "vehicle_id": "V0019", "rider_id": "R0076", "battery_pct": 77.3}
{"ts": "2026-05-20T12:16:21+00:00", "event": "unlock_ok", "vehicle_id": "V0022", "rider_id": "R0004", "battery_pct": 59.3}
{"ts": "2026-05-20T12:16:24+00:00", "event": "ride_end", "vehicle_id": "V0029", "rider_id": "R0069", "battery_pct": 83.2}
{"ts": "2026-05-20T12:16:27+00:00", "event": "ride_start", "vehicle_id": "V0074", "rider_id": "R0066", "battery_pct": 45.5}
{"ts": "2026-05-20T12:16:30+00:00", "event": "ride_start", "vehicle_id": "V0048", "rider_id": "R0101", "battery_pct": 53.4}
{"ts": "2026-05-20T12:16:33+00:00", "event": "ride_end", "vehicle_id": "V0058", "rider_id": "R0065", "battery_pct": 49.9}
{"ts": "2026-05-20T12:16:36+00:00", "event": "ride_end", "vehicle_id": "V0010", "rider_id": "R0070", "battery_pct": 51.9}
{"ts": "2026-05-20T12:16:39+00:00", "event": "unlock_ok", "vehicle_id": "V0046", "rider_id": "R0038", "battery_pct": 32.1}
{"ts": "2026-05-20T12:16:42+00:00", "event": "unlock_ok", "vehicle_id": "V0029", "rider_id": "R0018", "battery_pct": 81.0}
{"ts": "2026-05-20T12:16:45+00:00", "event": "ride_start", "vehicle_id": "V0050", "rider_id": "R0051", "battery_pct": 45.2}
{"ts": "2026-05-20T12:16:48+00:00", "event": "ride_end", "vehicle_id": "V0073", "rider_id": "R0060", "battery_pct": 54.2}
{"ts": "2026-05-20T12:16:51+00:00", "event": "ride_end", "vehicle_id": "V0047", "rider_id": "R0118", "battery_pct": 61.9}
{"ts": "2026-05-20T12:16:54+00:00", "event": "ride_start", "vehicle_id": "V0010", "rider_id": "R0055", "battery_pct": 83.7}
{"ts": "2026-05-20T12:16:57+00:00", "event": "unlock_ok", "vehicle_id": "V0036", "rider_id": "R0107", "battery_pct": 76.4}
{"ts": "2026-05-20T12:17:00+00:00", "event": "unlock_ok", "vehicle_id": "V0024", "rider_id": "R0065", "battery_pct": 54.9}
{"ts": "2026-05-20T12:17:03+00:00", "event": "unlock_ok", "vehicle_id": "V0004", "rider_id": "R0105", "battery_pct": 113.2}
{"ts": "2026-05-20T12:17:06+00:00", "event": "unlock_ok", "vehicle_id": "V0005", "rider_id": "R0072", "battery_pct": 47.0}
{"ts": "2026-05-20T12:17:09+00:00", "event": "ride_end", "vehicle_id": "V0027", "rider_id": "R0045", "battery_pct": 91.0}
{"ts": "2026-05-20T12:17:12+00:00", "event": "ride_end", "vehicle_id": "V0069", "rider_id": "R0024", "battery_pct": 56.7}
{"ts": "2026-05-20T12:17:15+00:00", "event": "unlock_ok", "vehicle_id": "V0032", "rider_id": "R0055", "battery_pct": 70.9}
{"ts": "2026-05-20T12:17:18+00:00", "event": "unlock_ok", "vehicle_id": "V0077", "rider_id": "R0021", "battery_pct": 91.6}
{"ts": "2026-05-20T12:17:21+00:00", "event": "ride_start", "vehicle_id": "V0003", "rider_id": "R0116", "battery_pct": 82.2}
{"ts": "2026-05-20T12:17:24+00:00", "event": "unlock_ok", "vehicle_id": "V0030", "rider_id": "R0010", "battery_pct": 88.1}
{"ts": "2026-05-20T12:17:27+00:00", "event": "ride_end", "vehicle_id": "V0032", "rider_id": "R0099", "battery_pct": 36.2}
{"ts": "2026-05-20T12:17:30+00:00", "event": "unlock_ok", "vehicle_id": "V0045", "rider_id": "R0081", "battery_pct": 35.2}
{"ts": "2026-05-20T12:17:33+00:00", "event": "ride_end", "vehicle_id": "V0065", "rider_id": "R0109", "battery_pct": 74.0}
{"ts": "2026-05-20T12:17:36+00:00", "event": "ride_start", "vehicle_id": "V0017", "rider_id": "R0047", "battery_pct": 69.5}
{"ts": "2026-05-20T12:17:39+00:00", "event": "unlock_ok", "vehicle_id": "V0000", "rider_id": "R0084", "battery_pct": 34.4}
{"ts": "2026-05-20T12:17:42+00:00", "event": "payment_fail", "vehicle_id": "V0032", "rider_id": "R0117", "battery_pct": 75.5}
{"ts": "2026-05-20T12:17:45+00:00", "event": "unlock_ok", "vehicle_id": "V0056", "rider_id": "R0069", "battery_pct": 75.0}
{"ts": "2026-05-20T12:17:48+00:00", "event": "ride_start", "vehicle_id": "V0027", "rider_id": "R0112", "battery_pct": 32.2}
{"ts": "2026-05-20T12:17:51+00:00", "event": "unlock_ok", "vehicle_id": "V0063", "rider_id": "R0005", "battery_pct": 81.3}
{"ts": "2026-05-20T12:17:54+00:00", "event": "unlock_ok", "vehicle_id": "V0064", "rider_id": "R0073", "battery_pct": 23.0}
{"ts": "2026-05-20T12:17:57+00:00", "event": "payment_fail", "vehicle_id": "V0039", "rider_id": "R0043", "battery_pct": 77.1}
{"ts": "2026-05-20T12:18:00+00:00", "event": "ride_end", "vehicle_id": "V0014", "rider_id": "R0078", "battery_pct": 65.3}
{"ts": "2026-05-20T12:18:03+00:00", "event": "battery_low", "vehicle_id": "V0050", "rider_id": "R0093", "battery_pct": 81.5}
{"ts": "2026-05-20T12:18:06+00:00", "event": "unlock_ok", "vehicle_id": "V0019", "rider_id": "R0017", "battery_pct": 64.2}
{"ts": "2026-05-20T12:18:09+00:00", "event": "ride_end", "vehicle_id": "V0073", "rider_id": "R0079", "battery_pct": 53.5}
{"ts": "2026-05-20T12:18:12+00:00", "event": "ride_start", "vehicle_id": "V0001", "rider_id": "R0058", "battery_pct": 73.9}
{"ts": "2026-05-20T12:18:15+00:00", "event": "ride_end", "vehicle_id": "V0050", "rider_id": "R0087", "battery_pct": 69.9}
{"ts": "2026-05-20T12:18:18+00:00", "event": "ride_start", "vehicle_id": "V0046", "rider_id": "R0083", "battery_pct": 37.0}
{"ts": "2026-05-20T12:18:21+00:00", "event": "ride_start", "vehicle_id": "V0014", "rider_id": "R0024", "battery_pct": 55.9}
{"ts": "2026-05-20T12:18:24+00:00", "event": "ride_end", "vehicle_id": "V0072", "rider_id": "R0109", "battery_pct": 48.8}
{"ts": "2026-05-20T12:18:27+00:00", "event": "ride_end", "vehicle_id": "V0012", "rider_id": "R0020", "battery_pct": 81.2}
{"ts": "2026-05-20T12:18:30+00:00", "event": "ride_end", "vehicle_id": "V0048", "rider_id": "R0058", "battery_pct": 30.5}
{"ts": "2026-05-20T12:18:33+00:00", "event": "battery_low", "vehicle_id": "V0075", "rider_id": "R0088", "battery_pct": 34.8}
{"ts": "2026-05-20T12:18:36+00:00", "event": "unlock_ok", "vehicle_id": "V0028", "rider_id": "R0028", "battery_pct": 86.7}
{"ts": "2026-05-20T12:18:39+00:00", "event": "battery_low", "vehicle_id": "V0009", "rider_id": "R0093", "battery_pct": 76.5}
{"ts": "2026-05-20T12:18:42+00:00", "event": "payment_fail", "vehicle_id": "V0058", "rider_id": "R0039", "battery_pct": 25.5}
{"ts": "2026-05-20T12:18:45+00:00", "event": "ride_end", "vehicle_id": "V0037", "rider_id": "R0074", "battery_pct": 91.2}
{"ts": "2026-05-20T12:18:48+00:00", "event": "unlock_ok", "vehicle_id": "V0004", "rider_id": "R0062", "battery_pct": 59.7}
{"ts": "2026-05-20T12:18:51+00:00", "event": "payment_fail", "vehicle_id": "V0069", "rider_id": "R0024", "battery_pct": 61.9}
{"ts": "2026-05-20T12:18:54+00:00", "event": "ride_end", "vehicle_id": "V0075", "rider_id": "R0068", "battery_pct": 75.4}
{"ts": "2026-05-20T12:18:57+00:00", "event": "ride_end", "vehicle_id": "V0038", "rider_id": "R0037", "battery_pct": 26.3}
{"ts": "2026-05-20T12:19:00+00:00", "event": "ride_end", "vehicle_id": "V0072", "rider_id": "R0018", "battery_pct": 73.3}
{"ts": "2026-05-20T12:19:03+00:00", "event": "ride_start", "vehicle_id": "V0048", "rider_id": "R0064", "battery_pct": 43.4}
{"ts": "2026-05-20T12:19:06+00:00", "event": "ride_end", "vehicle_id": "V0009", "rider_id": "R0008", "battery_pct": 43.6}
{"ts": "2026-05-20T12:19:09+00:00", "event": "ride_end", "vehicle_id": "V0054", "rider_id": "R0074", "battery_pct": 56.3}
{"ts": "2026-05-20T12:19:12+00:00", "event": "ride_start", "vehicle_id": "V0016", "rider_id": "R0023", "battery_pct": 37.8}
{"ts": "2026-05-20T12:19:15+00:00", "event": "ride_end", "vehicle_id": "V0014", "rider_id": "R0100", "battery_pct": 18.6}
{"ts": "2026-05-20T12:19:18+00:00", "event": "unlock_ok", "vehicle_id": "V0001", "rider_id": "R0026", "battery_pct": 82.0}
{"ts": "2026-05-20T12:19:21+00:00", "event": "battery_low", "vehicle_id": "V0070", "rider_id": "R0095", "battery_pct": 28.6}
{"ts": "2026-05-20T12:19:24+00:00", "event": "payment_fail", "vehicle_id": "V0078", "rider_id": "R0105", "battery_pct": 36.6}
{"ts": "2026-05-20T12:19:27+00:00", "event": "ride_start", "vehicle_id": "V0065", "rider_id": "R0108", "battery_pct": 34.3}
{"ts": "2026-05-20T12:19:30+00:00", "event": "unlock_ok", "vehicle_id": "V0038", "rider_id": "R0023", "battery_pct": 79.2}
{"ts": "2026-05-20T12:19:33+00:00", "event": "ride_end", "vehicle_id": "V0008", "rider_id": "R0073", "battery_pct": 71.2}
{"ts": "2026-05-20T12:19:36+00:00", "event": "ride_end", "vehicle_id": "V0066", "rider_id": "R0008", "battery_pct": 83.3}
{"ts": "2026-05-20T12:19:39+00:00", "event": "battery_low", "vehicle_id": "V0072", "rider_id": "R0116", "battery_pct": 70.4}
{"ts": "2026-05-20T12:19:42+00:00", "event": "payment_fail", "vehicle_id": "V0044", "rider_id": "R0084", "battery_pct": 88.1}
{"ts": "2026-05-20T12:19:45+00:00", "event": "ride_end", "vehicle_id": "V0072", "rider_id": "R0111", "battery_pct": 23.3}
{"ts": "2026-05-20T12:19:48+00:00", "event": "ride_end", "vehicle_id": "V0074", "rider_id": "R0093", "battery_pct": 83.1}
{"ts": "2026-05-20T12:19:51+00:00", "event": "unlock_ok", "vehicle_id": "V0049", "rider_id": "R0041", "battery_pct": 73.7}
{"ts": "2026-05-20T12:19:54+00:00", "event": "ride_start", "vehicle_id": "V0057", "rider_id": "R0030", "battery_pct": 4.0}
{"ts": "2026-05-20T12:19:57+00:00", "event": "ride_end", "vehicle_id": "V0037", "rider_id": "R0048", "battery_pct": 73.2}
{"ts": "2026-05-20T12:20:00+00:00", "event": "ride_end", "vehicle_id": "V0021", "rider_id": "R0001", "battery_pct": 93.0}
{"ts": "2026-05-20T12:20:03+00:00", "event": "ride_start", "vehicle_id": "V0071", "rider_id": "R0112", "battery_pct": 30.7}
{"ts": "2026-05-20T12:20:06+00:00", "event": "unlock_ok", "vehicle_id": "V0047", "rider_id": "R0088", "battery_pct": 90.6}
{"ts": "2026-05-20T12:20:09+00:00", "event": "unlock_ok", "vehicle_id": "V0034", "rider_id": "R0023", "battery_pct": 37.3}
{"ts": "2026-05-20T12:20:12+00:00", "event": "ride_start", "vehicle_id": "V0050", "rider_id": "R0041", "battery_pct": 54.9}
{"ts": "2026-05-20T12:20:15+00:00", "event": "ride_end", "vehicle_id": "V0073", "rider_id": "R0085", "battery_pct": 39.4}
{"ts": "2026-05-20T12:20:18+00:00", "event": "ride_start", "vehicle_id": "V0068", "rider_id": "R0109", "battery_pct": 52.6}
{"ts": "2026-05-20T12:20:21+00:00", "event": "unlock_ok", "vehicle_id": "V0072", "rider_id": "R0066", "battery_pct": 52.2}
{"ts": "2026-05-20T12:20:24+00:00", "event": "unlock_ok", "vehicle_id": "V0076", "rider_id": "R0039", "battery_pct": 113.7}
{"ts": "2026-05-20T12:20:27+00:00", "event": "ride_end", "vehicle_id": "V0047", "rider_id": "R0064", "battery_pct": 44.1}
{"ts": "2026-05-20T12:20:30+00:00", "event": "battery_low", "vehicle_id": "V0049", "rider_id": "R0027", "battery_pct": 83.7}
{"ts": "2026-05-20T12:20:33+00:00", "event": "ride_start", "vehicle_id": "V0037", "rider_id": "R0112", "battery_pct": 55.0}
{"ts": "2026-05-20T12:20:36+00:00", "event": "payment_fail", "vehicle_id": "V0015", "rider_id": "R0010", "battery_pct": 50.8}
{"ts": "2026-05-20T12:20:39+00:00", "event": "ride_start", "vehicle_id": "V0065", "rider_id": "R0013", "battery_pct": 4.9}
{"ts": "2026-05-20T12:20:42+00:00", "event": "ride_end", "vehicle_id": "V0034", "rider_id": "R0043", "battery_pct": 71.4}
{"ts": "2026-05-20T12:20:45+00:00", "event": "ride_start", "vehicle_id": "V0040", "rider_id": "R0042", "battery_pct": 32.4}
{"ts": "2026-05-20T12:20:48+00:00", "event": "ride_end", "vehicle_id": "V0007", "rider_id": "R0104", "battery_pct": 79.9}
{"ts": "2026-05-20T12:20:51+00:00", "event": "ride_start", "vehicle_id": "V0077", "rider_id": "R0022", "battery_pct": 73.2}
{"ts": "2026-05-20T12:20:54+00:00", "event": "battery_low", "vehicle_id": "V0003", "rider_id": "R0018", "battery_pct": 34.0}
{"ts": "2026-05-20T12:20:57+00:00", "event": "ride_start", "vehicle_id": "V0056", "rider_id": "R0052", "battery_pct": 58.4}
{"ts": "2026-05-20T12:21:00+00:00", "event": "ride_start", "vehicle_id": "V0078", "rider_id": "R0085", "battery_pct": 89.0}
{"ts": "2026-05-20T12:21:03+00:00", "event": "battery_low", "vehicle_id": "V0022", "rider_id": "R0048", "battery_pct": 32.5}
{"ts": "2026-05-20T12:21:06+00:00", "event": "unlock_ok", "vehicle_id": "V0009", "rider_id": "R0008", "battery_pct": 63.3}
{"ts": "2026-05-20T12:21:09+00:00", "event": "battery_low", "vehicle_id": "V0030", "rider_id": "R0105", "battery_pct": 42.7}
{"ts": "2026-05-20T12:21:12+00:00", "event": "battery_low", "vehicle_id": "V0033", "rider_id": "R0111", "battery_pct": 69.4}
{"ts": "2026-05-20T12:21:15+00:00", "event": "ride_end", "vehicle_id": "V0062", "rider_id": "R0115", "battery_pct": 75.6}
{"ts": "2026-05-20T12:21:18+00:00", "event": "unlock_ok", "vehicle_id": "V0057", "rider_id": "R0041", "battery_pct": 24.1}
{"ts": "2026-05-20T12:21:21+00:00", "event": "payment_fail", "vehicle_id": "V0070", "rider_id": "R0032", "battery_pct": 67.9}
{"ts": "2026-05-20T12:21:24+00:00", "event": "unlock_ok", "vehicle_id": "V0020", "rider_id": "R0060", "battery_pct": 55.7}
{"ts": "2026-05-20T12:21:27+00:00", "event": "ride_end", "vehicle_id": "V0036", "rider_id": "R0108", "battery_pct": 16.5}
{"ts": "2026-05-20T12:21:30+00:00", "event": "ride_end", "vehicle_id": "V0050", "rider_id": "R0116", "battery_pct": 76.2}
{"ts": "2026-05-20T12:21:33+00:00", "event": "ride_end", "vehicle_id": "V0071", "rider_id": "R0095", "battery_pct": 87.2}
{"ts": "2026-05-20T12:21:36+00:00", "event": "ride_end", "vehicle_id": "V0046", "rider_id": "R0095", "battery_pct": 85.1}
{"ts": "2026-05-20T12:21:39+00:00", "event": "ride_start", "vehicle_id": "V0028", "rider_id": "R0032", "battery_pct": 81.1}
{"ts": "2026-05-20T12:21:42+00:00", "event": "unlock_ok", "vehicle_id": "V0043", "rider_id": "R0014", "battery_pct": 57.9}
{"ts": "2026-05-20T12:21:45+00:00", "event": "ride_start", "vehicle_id": "V0069", "rider_id": "R0020", "battery_pct": 88.3}
{"ts": "2026-05-20T12:21:48+00:00", "event": "ride_end", "vehicle_id": "V0071", "rider_id": "R0084", "battery_pct": 73.8}
{"ts": "2026-05-20T12:21:51+00:00", "event": "ride_start", "vehicle_id": "V0058", "rider_id": "R0040", "battery_pct": 38.6}
{"ts": "2026-05-20T12:21:54+00:00", "event": "payment_fail", "vehicle_id": "V0034", "rider_id": "R0021", "battery_pct": 41.3}
{"ts": "2026-05-20T12:21:57+00:00", "event": "ride_end", "vehicle_id": "V0035", "rider_id": "R0068", "battery_pct": 60.3}
{"ts": "2026-05-20T12:22:00+00:00", "event": "unlock_ok", "vehicle_id": "V0043", "rider_id": "R0079", "battery_pct": 46.2}
{"ts": "2026-05-20T12:22:03+00:00", "event": "ride_end", "vehicle_id": "V0066", "rider_id": "R0087", "battery_pct": 59.4}
{"ts": "2026-05-20T12:22:06+00:00", "event": "ride_start", "vehicle_id": "V0033", "rider_id": "R0005", "battery_pct": 68.4}
{"ts": "2026-05-20T12:22:09+00:00", "event": "ride_end", "vehicle_id": "V0024", "rider_id": "R0102", "battery_pct": 44.9}
{"ts": "2026-05-20T12:22:12+00:00", "event": "unlock_ok", "vehicle_id": "V0017", "rider_id": "R0090", "battery_pct": 54.4}
{"ts": "2026-05-20T12:22:15+00:00", "event": "unlock_ok", "vehicle_id": "V0030", "rider_id": "R0114", "battery_pct": 58.1}
{"ts": "2026-05-20T12:22:18+00:00", "event": "ride_start", "vehicle_id": "V0077", "rider_id": "R0090", "battery_pct": 82.3}
{"ts": "2026-05-20T12:22:21+00:00", "event": "unlock_ok", "vehicle_id": "V0044", "rider_id": "R0102", "battery_pct": 40.7}
{"ts": "2026-05-20T12:22:24+00:00", "event": "ride_start", "vehicle_id": "V0006", "rider_id": "R0028", "battery_pct": 61.7}
{"ts": "2026-05-20T12:22:27+00:00", "event": "ride_end", "vehicle_id": "V0020", "rider_id": "R0055", "battery_pct": 52.8}
{"ts": "2026-05-20T12:22:30+00:00", "event": "ride_end", "vehicle_id": "V0052", "rider_id": "R0036", "battery_pct": 49.8}
{"ts": "2026-05-20T12:22:33+00:00", "event": "ride_start", "vehicle_id": "V0069", "rider_id": "R0098", "battery_pct": 74.2}
{"ts": "2026-05-20T12:22:36+00:00", "event": "battery_low", "vehicle_id": "V0027", "rider_id": "R0007", "battery_pct": 40.2}
{"ts": "2026-05-20T12:22:39+00:00", "event": "unlock_ok", "vehicle_id": "V0026", "rider_id": "R0098", "battery_pct": 41.3}
{"ts": "2026-05-20T12:22:42+00:00", "event": "unlock_ok", "vehicle_id": "V0015", "rider_id": "R0098", "battery_pct": 32.3}
{"ts": "2026-05-20T12:22:45+00:00", "event": "unlock_ok", "vehicle_id": "V0015", "rider_id": "R0035", "battery_pct": 88.3}
{"ts": "2026-05-20T12:22:48+00:00", "event": "ride_end", "vehicle_id": "V0058", "rider_id": "R0071", "battery_pct": 40.5}
{"ts": "2026-05-20T12:22:51+00:00", "event": "ride_start", "vehicle_id": "V0064", "rider_id": "R0105", "battery_pct": 61.0}
{"ts": "2026-05-20T12:22:54+00:00", "event": "ride_end", "vehicle_id": "V0073", "rider_id": "R0078", "battery_pct": 84.2}
{"ts": "2026-05-20T12:22:57+00:00", "event": "ride_end", "vehicle_id": "V0074", "rider_id": "R0068", "battery_pct": 37.4}
{"ts": "2026-05-20T12:23:00+00:00", "event": "battery_low", "vehicle_id": "V0079", "rider_id": "R0025", "battery_pct": 33.9}
{"ts": "2026-05-20T12:23:03+00:00", "event": "unlock_ok", "vehicle_id": "V0057", "rider_id": "R0090", "battery_pct": 79.0}
{"ts": "2026-05-20T12:23:06+00:00", "event": "ride_end", "vehicle_id": "V0001", "rider_id": "R0002", "battery_pct": 25.6}
{"ts": "2026-05-20T12:23:09+00:00", "event": "battery_low", "vehicle_id": "V0014", "rider_id": "R0112", "battery_pct": 77.2}
{"ts": "2026-05-20T12:23:12+00:00", "event": "ride_start", "vehicle_id": "V0054", "rider_id": "R0047", "battery_pct": 74.9}
{"ts": "2026-05-20T12:23:15+00:00", "event": "ride_start", "vehicle_id": "V0058", "rider_id": "R0060", "battery_pct": 79.0}
{"ts": "2026-05-20T12:23:18+00:00", "event": "ride_start", "vehicle_id": "V0073", "rider_id": "R0047", "battery_pct": 76.1}
{"ts": "2026-05-20T12:23:21+00:00", "event": "ride_start", "vehicle_id": "V0056", "rider_id": "R0113", "battery_pct": 70.1}
{"ts": "2026-05-20T12:23:24+00:00", "event": "ride_end", "vehicle_id": "V0047", "rider_id": "R0117", "battery_pct": 59.0}
{"ts": "2026-05-20T12:23:27+00:00", "event": "unlock_ok", "vehicle_id": "V0060", "rider_id": "R0003", "battery_pct": 42.1}
{"ts": "2026-05-20T12:23:30+00:00", "event": "ride_end", "vehicle_id": "V0017", "rider_id": "R0051", "battery_pct": 24.5}
{"ts": "2026-05-20T12:23:33+00:00", "event": "ride_start", "vehicle_id": "V0062", "rider_id": "R0091", "battery_pct": 41.3}
{"ts": "2026-05-20T12:23:36+00:00", "event": "battery_low", "vehicle_id": "V0067", "rider_id": "R0067", "battery_pct": 65.7}
{"ts": "2026-05-20T12:23:39+00:00", "event": "unlock_ok", "vehicle_id": "V0077", "rider_id": "R0052", "battery_pct": 53.1}
{"ts": "2026-05-20T12:23:42+00:00", "event": "unlock_ok", "vehicle_id": "V0076", "rider_id": "R0118", "battery_pct": 63.3}
{"ts": "2026-05-20T12:23:45+00:00", "event": "ride_start", "vehicle_id": "V0026", "rider_id": "R0078", "battery_pct": 47.9}
{"ts": "2026-05-20T12:23:48+00:00", "event": "unlock_ok", "vehicle_id": "V0013", "rider_id": "R0084", "battery_pct": 29.5}
{"ts": "2026-05-20T12:23:51+00:00", "event": "ride_end", "vehicle_id": "V0071", "rider_id": "R0090", "battery_pct": 69.7}
{"ts": "2026-05-20T12:23:54+00:00", "event": "unlock_ok", "vehicle_id": "V0023", "rider_id": "R0069", "battery_pct": 59.1}
{"ts": "2026-05-20T12:23:57+00:00", "event": "ride_start", "vehicle_id": "V0011", "rider_id": "R0004", "battery_pct": 18.1}
{"ts": "2026-05-20T12:24:00+00:00", "event": "battery_low", "vehicle_id": "V0027", "rider_id": "R0047", "battery_pct": 57.3}
{"ts": "2026-05-20T12:24:03+00:00", "event": "ride_start", "vehicle_id": "V0058", "rider_id": "R0052", "battery_pct": 66.5}
{"ts": "2026-05-20T12:24:06+00:00", "event": "payment_fail", "vehicle_id": "V0024", "rider_id": "R0095", "battery_pct": 75.5}
{"ts": "2026-05-20T12:24:09+00:00", "event": "unlock_ok", "vehicle_id": "V0012", "rider_id": "R0098", "battery_pct": 47.7}
{"ts": "2026-05-20T12:24:12+00:00", "event": "ride_start", "vehicle_id": "V0024", "rider_id": "R0071", "battery_pct": 80.0}
{"ts": "2026-05-20T12:24:15+00:00", "event": "ride_start", "vehicle_id": "V0009", "rider_id": "R0112", "battery_pct": 67.2}
{"ts": "2026-05-20T12:24:18+00:00", "event": "ride_end", "vehicle_id": "V0021", "rider_id": "R0074", "battery_pct": 64.9}
{"ts": "2026-05-20T12:24:21+00:00", "event": "payment_fail", "vehicle_id": "V0075", "rider_id": "R0097", "battery_pct": 52.5}
{"ts": "2026-05-20T12:24:24+00:00", "event": "ride_end", "vehicle_id": "V0051", "rider_id": "R0030", "battery_pct": 51.8}
{"ts": "2026-05-20T12:24:27+00:00", "event": "unlock_ok", "vehicle_id": "V0005", "rider_id": "R0017", "battery_pct": 47.5}
{"ts": "2026-05-20T12:24:30+00:00", "event": "ride_start", "vehicle_id": "V0046", "rider_id": "R0081", "battery_pct": 31.7}
{"ts": "2026-05-20T12:24:33+00:00", "event": "ride_start", "vehicle_id": "V0007", "rider_id": "R0091", "battery_pct": 45.9}
{"ts": "2026-05-20T12:24:36+00:00", "event": "ride_start", "vehicle_id": "V0024", "rider_id": "R0114", "battery_pct": 35.8}
{"ts": "2026-05-20T12:24:39+00:00", "event": "ride_start", "vehicle_id": "V0074", "rider_id": "R0075", "battery_pct": 57.4}
{"ts": "2026-05-20T12:24:42+00:00", "event": "payment_fail", "vehicle_id": "V0035", "rider_id": "R0008", "battery_pct": 62.3}
{"ts": "2026-05-20T12:24:45+00:00", "event": "ride_start", "vehicle_id": "V0016", "rider_id": "R0068", "battery_pct": 61.0}
{"ts": "2026-05-20T12:24:48+00:00", "event": "ride_start", "vehicle_id": "V0032", "rider_id": "R0051", "battery_pct": 49.9}
{"ts": "2026-05-20T12:24:51+00:00", "event": "ride_start", "vehicle_id": "V0061", "rider_id": "R0075", "battery_pct": 85.0}
{"ts": "2026-05-20T12:24:54+00:00", "event": "ride_end", "vehicle_id": "V0056", "rider_id": "R0071", "battery_pct": 51.9}
{"ts": "2026-05-20T12:24:57+00:00", "event": "ride_end", "vehicle_id": "V0045", "rider_id": "R0023", "battery_pct": 64.6}
{"ts": "2026-05-20T12:25:00+00:00", "event": "ride_end", "vehicle_id": "V0079", "rider_id": "R0004", "battery_pct": 84.2}
{"ts": "2026-05-20T12:25:03+00:00", "event": "unlock_ok", "vehicle_id": "V0015", "rider_id": "R0045", "battery_pct": 51.7}
{"ts": "2026-05-20T12:25:06+00:00", "event": "ride_end", "vehicle_id": "V0065", "rider_id": "R0015", "battery_pct": 56.5}
{"ts": "2026-05-20T12:25:09+00:00", "event": "unlock_ok", "vehicle_id": "V0003", "rider_id": "R0005", "battery_pct": 51.6}
{"ts": "2026-05-20T12:25:12+00:00", "event": "ride_start", "vehicle_id": "V0007", "rider_id": "R0082", "battery_pct": 66.2}
{"ts": "2026-05-20T12:25:15+00:00", "event": "ride_start", "vehicle_id": "V0055", "rider_id": "R0003", "battery_pct": 43.6}
{"ts": "2026-05-20T12:25:18+00:00", "event": "unlock_ok", "vehicle_id": "V0042", "rider_id": "R0039", "battery_pct": 62.5}
{"ts": "2026-05-20T12:25:21+00:00", "event": "payment_fail", "vehicle_id": "V0043", "rider_id": "R0003", "battery_pct": 33.6}
{"ts": "2026-05-20T12:25:24+00:00", "event": "ride_start", "vehicle_id": "V0056", "rider_id": "R0010", "battery_pct": 67.8}
{"ts": "2026-05-20T12:25:27+00:00", "event": "payment_fail", "vehicle_id": "V0060", "rider_id": "R0046", "battery_pct": 68.7}
{"ts": "2026-05-20T12:25:30+00:00", "event": "ride_start", "vehicle_id": "V0055", "rider_id": "R0013", "battery_pct": 54.2}
{"ts": "2026-05-20T12:25:33+00:00", "event": "ride_end", "vehicle_id": "V0024", "rider_id": "R0044", "battery_pct": 56.7}
{"ts": "2026-05-20T12:25:36+00:00", "event": "ride_end", "vehicle_id": "V0062", "rider_id": "R0037", "battery_pct": 70.4}
{"ts": "2026-05-20T12:25:39+00:00", "event": "ride_end", "vehicle_id": "V0045", "rider_id": "R0021", "battery_pct": 32.0}
{"ts": "2026-05-20T12:25:42+00:00", "event": "unlock_ok", "vehicle_id": "V0044", "rider_id": "R0075", "battery_pct": 53.3}
{"ts": "2026-05-20T12:25:45+00:00", "event": "ride_start", "vehicle_id": "V0016", "rider_id": "R0044", "battery_pct": 111.3}
{"ts": "2026-05-20T12:25:48+00:00", "event": "ride_start", "vehicle_id": "V0066", "rider_id": "R0021", "battery_pct": 72.5}
{"ts": "2026-05-20T12:25:51+00:00", "event": "ride_end", "vehicle_id": "V0007", "rider_id": "R0089", "battery_pct": 50.8}
{"ts": "2026-05-20T12:25:54+00:00", "event": "unlock_ok", "vehicle_id": "V0012", "rider_id": "R0014", "battery_pct": 43.9}
{"ts": "2026-05-20T12:25:57+00:00", "event": "battery_low", "vehicle_id": "V0053", "rider_id": "R0052", "battery_pct": 50.5}
{"ts": "2026-05-20T12:26:00+00:00", "event": "ride_end", "vehicle_id": "V0036", "rider_id": "R0060", "battery_pct": 71.9}
{"ts": "2026-05-20T12:26:03+00:00", "event": "ride_start", "vehicle_id": "V0017", "rider_id": "R0119", "battery_pct": 101.9}
{"ts": "2026-05-20T12:26:06+00:00", "event": "ride_start", "vehicle_id": "V0024", "rider_id": "R0079", "battery_pct": 45.0}
{"ts": "2026-05-20T12:26:09+00:00", "event": "ride_end", "vehicle_id": "V0017", "rider_id": "R0119", "battery_pct": 68.9}
{"ts": "2026-05-20T12:26:12+00:00", "event": "payment_fail", "vehicle_id": "V0070", "rider_id": "R0002", "battery_pct": 69.4}
{"ts": "2026-05-20T12:26:15+00:00", "event": "ride_end", "vehicle_id": "V0028", "rider_id": "R0072", "battery_pct": 64.8}
{"ts": "2026-05-20T12:26:18+00:00", "event": "ride_end", "vehicle_id": "V0047", "rider_id": "R0044", "battery_pct": 61.5}
{"ts": "2026-05-20T12:26:21+00:00", "event": "ride_start", "vehicle_id": "V0043", "rider_id": "R0104", "battery_pct": 17.5}
{"ts": "2026-05-20T12:26:24+00:00", "event": "ride_start", "vehicle_id": "V0022", "rider_id": "R0110", "battery_pct": 45.9}
{"ts": "2026-05-20T12:26:27+00:00", "event": "unlock_ok", "vehicle_id": "V0020", "rider_id": "R0082", "battery_pct": 71.8}
{"ts": "2026-05-20T12:26:30+00:00", "event": "unlock_ok", "vehicle_id": "V0023", "rider_id": "R0113", "battery_pct": 52.6}
{"ts": "2026-05-20T12:26:33+00:00", "event": "payment_fail", "vehicle_id": "V0053", "rider_id": "R0095", "battery_pct": 38.9}
{"ts": "2026-05-20T12:26:36+00:00", "event": "ride_end", "vehicle_id": "V0038", "rider_id": "R0092", "battery_pct": 52.8}
{"ts": "2026-05-20T12:26:39+00:00", "event": "unlock_ok", "vehicle_id": "V0076", "rider_id": "R0084", "battery_pct": 31.9}
{"ts": "2026-05-20T12:26:42+00:00", "event": "ride_end", "vehicle_id": "V0069", "rider_id": "R0068", "battery_pct": 29.0}
{"ts": "2026-05-20T12:26:45+00:00", "event": "ride_start", "vehicle_id": "V0079", "rider_id": "R0025", "battery_pct": 89.2}
{"ts": "2026-05-20T12:26:48+00:00", "event": "ride_start", "vehicle_id": "V0002", "rider_id": "R0049", "battery_pct": 54.8}
{"ts": "2026-05-20T12:26:51+00:00", "event": "payment_fail", "vehicle_id": "V0004", "rider_id": "R0068", "battery_pct": 62.8}
{"ts": "2026-05-20T12:26:54+00:00", "event": "unlock_ok", "vehicle_id": "V0067", "rider_id": "R0100", "battery_pct": 43.5}
{"ts": "2026-05-20T12:26:57+00:00", "event": "ride_end", "vehicle_id": "V0066", "rider_id": "R0048", "battery_pct": 58.6}
{"ts": "2026-05-20T12:27:00+00:00", "event": "ride_end", "vehicle_id": "V0026", "rider_id": "R0000", "battery_pct": 88.6}
{"ts": "2026-05-20T12:27:03+00:00", "event": "ride_end", "vehicle_id": "V0004", "rider_id": "R0117", "battery_pct": 35.2}
{"ts": "2026-05-20T12:27:06+00:00", "event": "ride_start", "vehicle_id": "V0067", "rider_id": "R0109", "battery_pct": 85.0}
{"ts": "2026-05-20T12:27:09+00:00", "event": "ride_start", "vehicle_id": "V0074", "rider_id": "R0025", "battery_pct": 33.0}
{"ts": "2026-05-20T12:27:12+00:00", "event": "unlock_ok", "vehicle_id": "V0023", "rider_id": "R0088", "battery_pct": 51.5}
{"ts": "2026-05-20T12:27:15+00:00", "event": "ride_end", "vehicle_id": "V0020", "rider_id": "R0007", "battery_pct": 77.1}
{"ts": "2026-05-20T12:27:18+00:00", "event": "ride_start", "vehicle_id": "V0021", "rider_id": "R0090", "battery_pct": 50.1}
{"ts": "2026-05-20T12:27:21+00:00", "event": "ride_start", "vehicle_id": "V0011", "rider_id": "R0062", "battery_pct": 41.7}
{"ts": "2026-05-20T12:27:24+00:00", "event": "unlock_ok", "vehicle_id": "V0078", "rider_id": "R0078", "battery_pct": 59.2}
{"ts": "2026-05-20T12:27:27+00:00", "event": "ride_end", "vehicle_id": "V0052", "rider_id": "R0012", "battery_pct": 67.5}
{"ts": "2026-05-20T12:27:30+00:00", "event": "ride_end", "vehicle_id": "V0010", "rider_id": "R0105", "battery_pct": 53.5}
{"ts": "2026-05-20T12:27:33+00:00", "event": "ride_end", "vehicle_id": "V0016", "rider_id": "R0116", "battery_pct": 30.7}
{"ts": "2026-05-20T12:27:36+00:00", "event": "ride_start", "vehicle_id": "V0067", "rider_id": "R0099", "battery_pct": 53.2}
{"ts": "2026-05-20T12:27:39+00:00", "event": "battery_low", "vehicle_id": "V0063", "rider_id": "R0066", "battery_pct": 57.4}
{"ts": "2026-05-20T12:27:42+00:00", "event": "ride_start", "vehicle_id": "V0021", "rider_id": "R0017", "battery_pct": 65.1}
{"ts": "2026-05-20T12:27:45+00:00", "event": "unlock_ok", "vehicle_id": "V0031", "rider_id": "R0019", "battery_pct": 51.8}
{"ts": "2026-05-20T12:27:48+00:00", "event": "ride_start", "vehicle_id": "V0022", "rider_id": "R0014", "battery_pct": 57.7}
{"ts": "2026-05-20T12:27:51+00:00", "event": "payment_fail", "vehicle_id": "V0063", "rider_id": "R0048", "battery_pct": 53.9}
{"ts": "2026-05-20T12:27:54+00:00", "event": "unlock_ok", "vehicle_id": "V0072", "rider_id": "R0088", "battery_pct": 26.2}
{"ts": "2026-05-20T12:27:57+00:00", "event": "ride_start", "vehicle_id": "V0058", "rider_id": "R0101", "battery_pct": 24.8}
{"ts": "2026-05-20T12:28:00+00:00", "event": "unlock_ok", "vehicle_id": "V0016", "rider_id": "R0034", "battery_pct": 36.1}
{"ts": "2026-05-20T12:28:03+00:00", "event": "payment_fail", "vehicle_id": "V0009", "rider_id": "R0086", "battery_pct": 75.3}
{"ts": "2026-05-20T12:28:06+00:00", "event": "ride_start", "vehicle_id": "V0063", "rider_id": "R0043", "battery_pct": 44.9}
{"ts": "2026-05-20T12:28:09+00:00", "event": "unlock_ok", "vehicle_id": "V0072", "rider_id": "R0054", "battery_pct": 68.5}
{"ts": "2026-05-20T12:28:12+00:00", "event": "ride_start", "vehicle_id": "V0063", "rider_id": "R0057", "battery_pct": 49.1}
{"ts": "2026-05-20T12:28:15+00:00", "event": "ride_start", "vehicle_id": "V0029", "rider_id": "R0079", "battery_pct": 43.9}
{"ts": "2026-05-20T12:28:18+00:00", "event": "ride_end", "vehicle_id": "V0028", "rider_id": "R0101", "battery_pct": 52.7}
{"ts": "2026-05-20T12:28:21+00:00", "event": "ride_end", "vehicle_id": "V0045", "rider_id": "R0039", "battery_pct": 47.5}
{"ts": "2026-05-20T12:28:24+00:00", "event": "ride_end", "vehicle_id": "V0003", "rider_id": "R0067", "battery_pct": 37.9}
{"ts": "2026-05-20T12:28:27+00:00", "event": "payment_fail", "vehicle_id": "V0015", "rider_id": "R0052", "battery_pct": 55.4}
{"ts": "2026-05-20T12:28:30+00:00", "event": "ride_start", "vehicle_id": "V0024", "rider_id": "R0005", "battery_pct": 102.4}
{"ts": "2026-05-20T12:28:33+00:00", "event": "ride_start", "vehicle_id": "V0023", "rider_id": "R0083", "battery_pct": 46.9}
{"ts": "2026-05-20T12:28:36+00:00", "event": "ride_start", "vehicle_id": "V0038", "rider_id": "R0102", "battery_pct": 40.0}
{"ts": "2026-05-20T12:28:39+00:00", "event": "ride_end", "vehicle_id": "V0024", "rider_id": "R0065", "battery_pct": 73.4}
{"ts": "2026-05-20T12:28:42+00:00", "event": "ride_start", "vehicle_id": "V0068", "rider_id": "R0018", "battery_pct": 49.7}
{"ts": "2026-05-20T12:28:45+00:00", "event": "unlock_ok", "vehicle_id": "V0030", "rider_id": "R0118", "battery_pct": 63.3}
{"ts": "2026-05-20T12:28:48+00:00", "event": "battery_low", "vehicle_id": "V0016", "rider_id": "R0013", "battery_pct": 45.2}
{"ts": "2026-05-20T12:28:51+00:00", "event": "ride_start", "vehicle_id": "V0005", "rider_id": "R0070", "battery_pct": 53.6}
{"ts": "2026-05-20T12:28:54+00:00", "event": "ride_start", "vehicle_id": "V0032", "rider_id": "R0089", "battery_pct": 24.9}
{"ts": "2026-05-20T12:28:57+00:00", "event": "ride_end", "vehicle_id": "V0047", "rider_id": "R0109", "battery_pct": 75.9}
{"ts": "2026-05-20T12:29:00+00:00", "event": "unlock_ok", "vehicle_id": "V0001", "rider_id": "R0018", "battery_pct": 51.1}
{"ts": "2026-05-20T12:29:03+00:00", "event": "unlock_ok", "vehicle_id": "V0056", "rider_id": "R0019", "battery_pct": 51.2}
{"ts": "2026-05-20T12:29:06+00:00", "event": "ride_end", "vehicle_id": "V0006", "rider_id": "R0026", "battery_pct": 45.0}
{"ts": "2026-05-20T12:29:09+00:00", "event": "ride_end", "vehicle_id": "V0014", "rider_id": "R0026", "battery_pct": 73.3}
{"ts": "2026-05-20T12:29:12+00:00", "event": "unlock_ok", "vehicle_id": "V0065", "rider_id": "R0014", "battery_pct": 19.9}
{"ts": "2026-05-20T12:29:15+00:00", "event": "ride_start", "vehicle_id": "V0007", "rider_id": "R0100", "battery_pct": 87.5}
{"ts": "2026-05-20T12:29:18+00:00", "event": "battery_low", "vehicle_id": "V0030", "rider_id": "R0069", "battery_pct": 72.6}
{"ts": "2026-05-20T12:29:21+00:00", "event": "ride_end", "vehicle_id": "V0078", "rider_id": "R0038", "battery_pct": 81.2}
{"ts": "2026-05-20T12:29:24+00:00", "event": "ride_start", "vehicle_id": "V0032", "rider_id": "R0038", "battery_pct": 42.1}
{"ts": "2026-05-20T12:29:27+00:00", "event": "unlock_ok", "vehicle_id": "V0013", "rider_id": "R0052", "battery_pct": 46.6}
{"ts": "2026-05-20T12:29:30+00:00", "event": "ride_end", "vehicle_id": "V0024", "rider_id": "R0109", "battery_pct": 31.1}
{"ts": "2026-05-20T12:29:33+00:00", "event": "unlock_ok", "vehicle_id": "V0014", "rider_id": "R0044", "battery_pct": 62.3}
{"ts": "2026-05-20T12:29:36+00:00", "event": "unlock_ok", "vehicle_id": "V0076", "rider_id": "R0032", "battery_pct": 18.1}
{"ts": "2026-05-20T12:29:39+00:00", "event": "unlock_ok", "vehicle_id": "V0054", "rider_id": "R0092", "battery_pct": 64.8}
{"ts": "2026-05-20T12:29:42+00:00", "event": "ride_start", "vehicle_id": "V0001", "rider_id": "R0014", "battery_pct": 30.2}
{"ts": "2026-05-20T12:29:45+00:00", "event": "unlock_ok", "vehicle_id": "V0074", "rider_id": "R0006", "battery_pct": 34.5}
{"ts": "2026-05-20T12:29:48+00:00", "event": "ride_end", "vehicle_id": "V0004", "rider_id": "R0075", "battery_pct": 77.1}
{"ts": "2026-05-20T12:29:51+00:00", "event": "payment_fail", "vehicle_id": "V0064", "rider_id": "R0044", "battery_pct": 52.6}
{"ts": "2026-05-20T12:29:54+00:00", "event": "unlock_ok", "vehicle_id": "V0066", "rider_id": "R0066", "battery_pct": 88.8}
{"ts": "2026-05-20T12:29:57+00:00", "event": "unlock_ok", "vehicle_id": "V0019", "rider_id": "R0099", "battery_pct": 62.3}
{"ts": "2026-05-20T12:30:00+00:00", "event": "unlock_ok", "vehicle_id": "V0005", "rider_id": "R0104", "battery_pct": 59.2}
{"ts": "2026-05-20T12:30:03+00:00", "event": "ride_end", "vehicle_id": "V0029", "rider_id": "R0056", "battery_pct": 49.2}
{"ts": "2026-05-20T12:30:06+00:00", "event": "battery_low", "vehicle_id": "V0019", "rider_id": "R0084", "battery_pct": 37.6}
{"ts": "2026-05-20T12:30:09+00:00", "event": "battery_low", "vehicle_id": "V0004", "rider_id": "R0052", "battery_pct": 36.1}
{"ts": "2026-05-20T12:30:12+00:00", "event": "ride_start", "vehicle_id": "V0035", "rider_id": "R0083", "battery_pct": 67.7}
{"ts": "2026-05-20T12:30:15+00:00", "event": "ride_start", "vehicle_id": "V0053", "rider_id": "R0084", "battery_pct": 67.5}
{"ts": "2026-05-20T12:30:18+00:00", "event": "ride_end", "vehicle_id": "V0065", "rider_id": "R0112", "battery_pct": 44.2}
{"ts": "2026-05-20T12:30:21+00:00", "event": "ride_start", "vehicle_id": "V0067", "rider_id": "R0052", "battery_pct": 55.4}
{"ts": "2026-05-20T12:30:24+00:00", "event": "ride_end", "vehicle_id": "V0036", "rider_id": "R0111", "battery_pct": 69.1}
{"ts": "2026-05-20T12:30:27+00:00", "event": "ride_end", "vehicle_id": "V0002", "rider_id": "R0097", "battery_pct": 61.4}
{"ts": "2026-05-20T12:30:30+00:00", "event": "unlock_ok", "vehicle_id": "V0000", "rider_id": "R0118", "battery_pct": 43.2}
{"ts": "2026-05-20T12:30:33+00:00", "event": "ride_start", "vehicle_id": "V0033", "rider_id": "R0089", "battery_pct": 43.4}
{"ts": "2026-05-20T12:30:36+00:00", "event": "payment_fail", "vehicle_id": "V0039", "rider_id": "R0032", "battery_pct": 38.9}
{"ts": "2026-05-20T12:30:39+00:00", "event": "unlock_ok", "vehicle_id": "V0035", "rider_id": "R0088", "battery_pct": 33.5}
{"ts": "2026-05-20T12:30:42+00:00", "event": "ride_end", "vehicle_id": "V0051", "rider_id": "R0040", "battery_pct": 70.9}
{"ts": "2026-05-20T12:30:45+00:00", "event": "unlock_ok", "vehicle_id": "V0026", "rider_id": "R0063", "battery_pct": 69.0}
{"ts": "2026-05-20T12:30:48+00:00", "event": "ride_start", "vehicle_id": "V0032", "rider_id": "R0041", "battery_pct": 66.9}
{"ts": "2026-05-20T12:30:51+00:00", "event": "unlock_ok", "vehicle_id": "V0051", "rider_id": "R0000", "battery_pct": 76.8}
{"ts": "2026-05-20T12:30:54+00:00", "event": "ride_start", "vehicle_id": "V0036", "rider_id": "R0015", "battery_pct": 53.9}
{"ts": "2026-05-20T12:30:57+00:00", "event": "ride_start", "vehicle_id": "V0046", "rider_id": "R0060", "battery_pct": 73.3}
{"ts": "2026-05-20T12:31:00+00:00", "event": "ride_start", "vehicle_id": "V0055", "rider_id": "R0081", "battery_pct": 67.4}
{"ts": "2026-05-20T12:31:03+00:00", "event": "ride_end", "vehicle_id": "V0020", "rider_id": "R0079", "battery_pct": 95.8}
{"ts": "2026-05-20T12:31:06+00:00", "event": "unlock_ok", "vehicle_id": "V0037", "rider_id": "R0068", "battery_pct": 40.7}
{"ts": "2026-05-20T12:31:09+00:00", "event": "ride_end", "vehicle_id": "V0027", "rider_id": "R0068", "battery_pct": 45.5}
{"ts": "2026-05-20T12:31:12+00:00", "event": "battery_low", "vehicle_id": "V0063", "rider_id": "R0016", "battery_pct": 62.4}
{"ts": "2026-05-20T12:31:15+00:00", "event": "ride_end", "vehicle_id": "V0072", "rider_id": "R0114", "battery_pct": 42.1}
{"ts": "2026-05-20T12:31:18+00:00", "event": "ride_start", "vehicle_id": "V0018", "rider_id": "R0091", "battery_pct": 41.4}
{"ts": "2026-05-20T12:31:21+00:00", "event": "ride_start", "vehicle_id": "V0028", "rider_id": "R0013", "battery_pct": 28.6}
{"ts": "2026-05-20T12:31:24+00:00", "event": "ride_start", "vehicle_id": "V0021", "rider_id": "R0024", "battery_pct": 29.1}
{"ts": "2026-05-20T12:31:27+00:00", "event": "ride_start", "vehicle_id": "V0058", "rider_id": "R0079", "battery_pct": 95.4}
{"ts": "2026-05-20T12:31:30+00:00", "event": "ride_end", "vehicle_id": "V0038", "rider_id": "R0054", "battery_pct": 57.6}
{"ts": "2026-05-20T12:31:33+00:00", "event": "ride_end", "vehicle_id": "V0028", "rider_id": "R0048", "battery_pct": 11.7}
{"ts": "2026-05-20T12:31:36+00:00", "event": "ride_end", "vehicle_id": "V0064", "rider_id": "R0112", "battery_pct": 31.9}
{"ts": "2026-05-20T12:31:39+00:00", "event": "ride_start", "vehicle_id": "V0021", "rider_id": "R0032", "battery_pct": 57.7}
{"ts": "2026-05-20T12:31:42+00:00", "event": "ride_end", "vehicle_id": "V0022", "rider_id": "R0114", "battery_pct": 47.6}
{"ts": "2026-05-20T12:31:45+00:00", "event": "ride_end", "vehicle_id": "V0065", "rider_id": "R0109", "battery_pct": 68.6}
{"ts": "2026-05-20T12:31:48+00:00", "event": "ride_start", "vehicle_id": "V0044", "rider_id": "R0068", "battery_pct": 84.8}
{"ts": "2026-05-20T12:31:51+00:00", "event": "ride_end", "vehicle_id": "V0078", "rider_id": "R0016", "battery_pct": 83.9}
{"ts": "2026-05-20T12:31:54+00:00", "event": "ride_start", "vehicle_id": "V0065", "rider_id": "R0096", "battery_pct": 35.8}
{"ts": "2026-05-20T12:31:57+00:00", "event": "payment_fail", "vehicle_id": "V0058", "rider_id": "R0021", "battery_pct": 69.3}
{"ts": "2026-05-20T12:32:00+00:00", "event": "ride_start", "vehicle_id": "V0051", "rider_id": "R0082", "battery_pct": 39.8}
{"ts": "2026-05-20T12:32:03+00:00", "event": "ride_start", "vehicle_id": "V0073", "rider_id": "R0036", "battery_pct": 50.4}
{"ts": "2026-05-20T12:32:06+00:00", "event": "ride_start", "vehicle_id": "V0009", "rider_id": "R0085", "battery_pct": 94.5}
{"ts": "2026-05-20T12:32:09+00:00", "event": "battery_low", "vehicle_id": "V0076", "rider_id": "R0009", "battery_pct": 51.5}
{"ts": "2026-05-20T12:32:12+00:00", "event": "ride_start", "vehicle_id": "V0025", "rider_id": "R0029", "battery_pct": 73.1}
{"ts": "2026-05-20T12:32:15+00:00", "event": "unlock_ok", "vehicle_id": "V0029", "rider_id": "R0056", "battery_pct": 33.9}
{"ts": "2026-05-20T12:32:18+00:00", "event": "unlock_ok", "vehicle_id": "V0005", "rider_id": "R0061", "battery_pct": 45.8}
{"ts": "2026-05-20T12:32:21+00:00", "event": "battery_low", "vehicle_id": "V0049", "rider_id": "R0001", "battery_pct": 78.5}
{"ts": "2026-05-20T12:32:24+00:00", "event": "ride_start", "vehicle_id": "V0006", "rider_id": "R0046", "battery_pct": 33.1}
{"ts": "2026-05-20T12:32:27+00:00", "event": "ride_start", "vehicle_id": "V0010", "rider_id": "R0045", "battery_pct": 52.8}
{"ts": "2026-05-20T12:32:30+00:00", "event": "unlock_ok", "vehicle_id": "V0049", "rider_id": "R0028", "battery_pct": 33.3}
{"ts": "2026-05-20T12:32:33+00:00", "event": "ride_end", "vehicle_id": "V0078", "rider_id": "R0002", "battery_pct": 40.5}
{"ts": "2026-05-20T12:32:36+00:00", "event": "ride_start", "vehicle_id": "V0057", "rider_id": "R0019", "battery_pct": 99.9}
{"ts": "2026-05-20T12:32:39+00:00", "event": "ride_end", "vehicle_id": "V0048", "rider_id": "R0083", "battery_pct": 40.4}
{"ts": "2026-05-20T12:32:42+00:00", "event": "unlock_ok", "vehicle_id": "V0040", "rider_id": "R0047", "battery_pct": 65.0}
{"ts": "2026-05-20T12:32:45+00:00", "event": "ride_end", "vehicle_id": "V0053", "rider_id": "R0098", "battery_pct": 66.4}
{"ts": "2026-05-20T12:32:48+00:00", "event": "battery_low", "vehicle_id": "V0014", "rider_id": "R0082", "battery_pct": 88.6}
{"ts": "2026-05-20T12:32:51+00:00", "event": "ride_end", "vehicle_id": "V0069", "rider_id": "R0115", "battery_pct": 60.9}
{"ts": "2026-05-20T12:32:54+00:00", "event": "unlock_ok", "vehicle_id": "V0039", "rider_id": "R0087", "battery_pct": 64.0}
{"ts": "2026-05-20T12:32:57+00:00", "event": "ride_end", "vehicle_id": "V0079", "rider_id": "R0015", "battery_pct": 76.5}
{"ts": "2026-05-20T12:33:00+00:00", "event": "payment_fail", "vehicle_id": "V0025", "rider_id": "R0104", "battery_pct": 61.0}
{"ts": "2026-05-20T12:33:03+00:00", "event": "ride_end", "vehicle_id": "V0009", "rider_id": "R0071", "battery_pct": 80.4}
{"ts": "2026-05-20T12:33:06+00:00", "event": "ride_end", "vehicle_id": "V0068", "rider_id": "R0037", "battery_pct": 77.8}
{"ts": "2026-05-20T12:33:09+00:00", "event": "battery_low", "vehicle_id": "V0041", "rider_id": "R0028", "battery_pct": 73.0}
{"ts": "2026-05-20T12:33:12+00:00", "event": "ride_start", "vehicle_id": "V0023", "rider_id": "R0023", "battery_pct": 61.6}
{"ts": "2026-05-20T12:33:15+00:00", "event": "ride_end", "vehicle_id": "V0074", "rider_id": "R0006", "battery_pct": 67.1}
{"ts": "2026-05-20T12:33:18+00:00", "event": "ride_start", "vehicle_id": "V0005", "rider_id": "R0119", "battery_pct": 44.1}
{"ts": "2026-05-20T12:33:21+00:00", "event": "unlock_ok", "vehicle_id": "V0042", "rider_id": "R0086", "battery_pct": 69.0}
{"ts": "2026-05-20T12:33:24+00:00", "event": "ride_start", "vehicle_id": "V0024", "rider_id": "R0039", "battery_pct": 74.9}
{"ts": "2026-05-20T12:33:27+00:00", "event": "ride_end", "vehicle_id": "V0079", "rider_id": "R0097", "battery_pct": 99.0}
{"ts": "2026-05-20T12:33:30+00:00", "event": "unlock_ok", "vehicle_id": "V0073", "rider_id": "R0039", "battery_pct": 32.9}
{"ts": "2026-05-20T12:33:33+00:00", "event": "ride_start", "vehicle_id": "V0037", "rider_id": "R0028", "battery_pct": 30.0}
{"ts": "2026-05-20T12:33:36+00:00", "event": "ride_start", "vehicle_id": "V0027", "rider_id": "R0039", "battery_pct": 56.5}
{"ts": "2026-05-20T12:33:39+00:00", "event": "ride_end", "vehicle_id": "V0060", "rider_id": "R0064", "battery_pct": 63.6}
{"ts": "2026-05-20T12:33:42+00:00", "event": "unlock_ok", "vehicle_id": "V0017", "rider_id": "R0104", "battery_pct": 58.0}
{"ts": "2026-05-20T12:33:45+00:00", "event": "unlock_ok", "vehicle_id": "V0004", "rider_id": "R0026", "battery_pct": 73.0}
{"ts": "2026-05-20T12:33:48+00:00", "event": "ride_start", "vehicle_id": "V0013", "rider_id": "R0051", "battery_pct": 63.5}
{"ts": "2026-05-20T12:33:51+00:00", "event": "ride_end", "vehicle_id": "V0048", "rider_id": "R0091", "battery_pct": 34.0}
{"ts": "2026-05-20T12:33:54+00:00", "event": "ride_end", "vehicle_id": "V0017", "rider_id": "R0026", "battery_pct": 91.9}
{"ts": "2026-05-20T12:33:57+00:00", "event": "unlock_ok", "vehicle_id": "V0061", "rider_id": "R0047", "battery_pct": 26.3}
{"ts": "2026-05-20T12:34:00+00:00", "event": "unlock_ok", "vehicle_id": "V0032", "rider_id": "R0073", "battery_pct": 74.7}
{"ts": "2026-05-20T12:34:03+00:00", "event": "ride_end", "vehicle_id": "V0015", "rider_id": "R0014", "battery_pct": 70.6}
{"ts": "2026-05-20T12:34:06+00:00", "event": "ride_start", "vehicle_id": "V0018", "rider_id": "R0074", "battery_pct": 74.7}
{"ts": "2026-05-20T12:34:09+00:00", "event": "battery_low", "vehicle_id": "V0013", "rider_id": "R0057", "battery_pct": 62.3}
{"ts": "2026-05-20T12:34:12+00:00", "event": "unlock_ok", "vehicle_id": "V0009", "rider_id": "R0093", "battery_pct": 58.4}
{"ts": "2026-05-20T12:34:15+00:00", "event": "ride_end", "vehicle_id": "V0024", "rider_id": "R0115", "battery_pct": 62.3}
{"ts": "2026-05-20T12:34:18+00:00", "event": "ride_end", "vehicle_id": "V0077", "rider_id": "R0005", "battery_pct": 62.8}
{"ts": "2026-05-20T12:34:21+00:00", "event": "ride_end", "vehicle_id": "V0049", "rider_id": "R0078", "battery_pct": 30.8}
{"ts": "2026-05-20T12:34:24+00:00", "event": "ride_end", "vehicle_id": "V0036", "rider_id": "R0077", "battery_pct": 89.2}
{"ts": "2026-05-20T12:34:27+00:00", "event": "ride_end", "vehicle_id": "V0040", "rider_id": "R0018", "battery_pct": 92.7}
{"ts": "2026-05-20T12:34:30+00:00", "event": "battery_low", "vehicle_id": "V0051", "rider_id": "R0013", "battery_pct": 30.4}
{"ts": "2026-05-20T12:34:33+00:00", "event": "ride_end", "vehicle_id": "V0060", "rider_id": "R0014", "battery_pct": 4.0}
{"ts": "2026-05-20T12:34:36+00:00", "event": "ride_end", "vehicle_id": "V0049", "rider_id": "R0060", "battery_pct": 62.5}
{"ts": "2026-05-20T12:34:39+00:00", "event": "ride_start", "vehicle_id": "V0018", "rider_id": "R0096", "battery_pct": 59.4}
{"ts": "2026-05-20T12:34:42+00:00", "event": "ride_start", "vehicle_id": "V0050", "rider_id": "R0040", "battery_pct": 71.1}
{"ts": "2026-05-20T12:34:45+00:00", "event": "payment_fail", "vehicle_id": "V0065", "rider_id": "R0055", "battery_pct": 79.0}
{"ts": "2026-05-20T12:34:48+00:00", "event": "ride_end", "vehicle_id": "V0069", "rider_id": "R0100", "battery_pct": 63.5}
{"ts": "2026-05-20T12:34:51+00:00", "event": "unlock_ok", "vehicle_id": "V0074", "rider_id": "R0076", "battery_pct": 67.7}
{"ts": "2026-05-20T12:34:54+00:00", "event": "unlock_ok", "vehicle_id": "V0006", "rider_id": "R0037", "battery_pct": 75.3}
{"ts": "2026-05-20T12:34:57+00:00", "event": "ride_end", "vehicle_id": "V0000", "rider_id": "R0037", "battery_pct": 60.2}
{"ts": "2026-05-20T12:35:00+00:00", "event": "ride_end", "vehicle_id": "V0038", "rider_id": "R0024", "battery_pct": 51.6}
{"ts": "2026-05-20T12:35:03+00:00", "event": "payment_fail", "vehicle_id": "V0074", "rider_id": "R0012", "battery_pct": 69.6}
{"ts": "2026-05-20T12:35:06+00:00", "event": "unlock_ok", "vehicle_id": "V0021", "rider_id": "R0108", "battery_pct": 28.5}
{"ts": "2026-05-20T12:35:09+00:00", "event": "ride_start", "vehicle_id": "V0014", "rider_id": "R0111", "battery_pct": 4.0}
{"ts": "2026-05-20T12:35:12+00:00", "event": "battery_low", "vehicle_id": "V0033", "rider_id": "R0067", "battery_pct": 49.8}
{"ts": "2026-05-20T12:35:15+00:00", "event": "battery_low", "vehicle_id": "V0005", "rider_id": "R0050", "battery_pct": 70.3}
{"ts": "2026-05-20T12:35:18+00:00", "event": "battery_low", "vehicle_id": "V0008", "rider_id": "R0025", "battery_pct": 51.2}
{"ts": "2026-05-20T12:35:21+00:00", "event": "ride_start", "vehicle_id": "V0033", "rider_id": "R0103", "battery_pct": 71.6}
{"ts": "2026-05-20T12:35:24+00:00", "event": "ride_end", "vehicle_id": "V0038", "rider_id": "R0098", "battery_pct": 71.2}
{"ts": "2026-05-20T12:35:27+00:00", "event": "battery_low", "vehicle_id": "V0035", "rider_id": "R0047", "battery_pct": 49.0}
{"ts": "2026-05-20T12:35:30+00:00", "event": "battery_low", "vehicle_id": "V0057", "rider_id": "R0112", "battery_pct": 70.0}
{"ts": "2026-05-20T12:35:33+00:00", "event": "battery_low", "vehicle_id": "V0077", "rider_id": "R0080", "battery_pct": 36.3}
{"ts": "2026-05-20T12:35:36+00:00", "event": "ride_start", "vehicle_id": "V0014", "rider_id": "R0032", "battery_pct": 64.0}
{"ts": "2026-05-20T12:35:39+00:00", "event": "unlock_ok", "vehicle_id": "V0003", "rider_id": "R0114", "battery_pct": 82.1}
{"ts": "2026-05-20T12:35:42+00:00", "event": "payment_fail", "vehicle_id": "V0000", "rider_id": "R0066", "battery_pct": 51.4}
{"ts": "2026-05-20T12:35:45+00:00", "event": "battery_low", "vehicle_id": "V0021", "rider_id": "R0115", "battery_pct": 33.1}
{"ts": "2026-05-20T12:35:48+00:00", "event": "payment_fail", "vehicle_id": "V0025", "rider_id": "R0116", "battery_pct": 83.4}
{"ts": "2026-05-20T12:35:51+00:00", "event": "battery_low", "vehicle_id": "V0013", "rider_id": "R0091", "battery_pct": 61.5}
{"ts": "2026-05-20T12:35:54+00:00", "event": "battery_low", "vehicle_id": "V0054", "rider_id": "R0003", "battery_pct": 62.7}
{"ts": "2026-05-20T12:35:57+00:00", "event": "ride_start", "vehicle_id": "V0070", "rider_id": "R0076", "battery_pct": 62.9}
{"ts": "2026-05-20T12:36:00+00:00", "event": "ride_start", "vehicle_id": "V0007", "rider_id": "R0119", "battery_pct": 37.8}
{"ts": "2026-05-20T12:36:03+00:00", "event": "battery_low", "vehicle_id": "V0025", "rider_id": "R0006", "battery_pct": 83.6}
{"ts": "2026-05-20T12:36:06+00:00", "event": "unlock_ok", "vehicle_id": "V0063", "rider_id": "R0004", "battery_pct": 27.7}
{"ts": "2026-05-20T12:36:09+00:00", "event": "unlock_ok", "vehicle_id": "V0077", "rider_id": "R0113", "battery_pct": 60.0}
{"ts": "2026-05-20T12:36:12+00:00", "event": "ride_start", "vehicle_id": "V0041", "rider_id": "R0050", "battery_pct": 21.5}
{"ts": "2026-05-20T12:36:15+00:00", "event": "ride_start", "vehicle_id": "V0078", "rider_id": "R0048", "battery_pct": 62.1}
{"ts": "2026-05-20T12:36:18+00:00", "event": "payment_fail", "vehicle_id": "V0015", "rider_id": "R0013", "battery_pct": 66.4}
{"ts": "2026-05-20T12:36:21+00:00", "event": "ride_start", "vehicle_id": "V0058", "rider_id": "R0111", "battery_pct": 53.3}
{"ts": "2026-05-20T12:36:24+00:00", "event": "unlock_ok", "vehicle_id": "V0018", "rider_id": "R0104", "battery_pct": 70.3}
{"ts": "2026-05-20T12:36:27+00:00", "event": "ride_start", "vehicle_id": "V0025", "rider_id": "R0027", "battery_pct": 54.5}
{"ts": "2026-05-20T12:36:30+00:00", "event": "unlock_ok", "vehicle_id": "V0011", "rider_id": "R0096", "battery_pct": 39.5}
{"ts": "2026-05-20T12:36:33+00:00", "event": "battery_low", "vehicle_id": "V0034", "rider_id": "R0006", "battery_pct": 44.4}
{"ts": "2026-05-20T12:36:36+00:00", "event": "ride_end", "vehicle_id": "V0048", "rider_id": "R0044", "battery_pct": 95.6}
{"ts": "2026-05-20T12:36:39+00:00", "event": "battery_low", "vehicle_id": "V0047", "rider_id": "R0077", "battery_pct": 63.7}
{"ts": "2026-05-20T12:36:42+00:00", "event": "payment_fail", "vehicle_id": "V0041", "rider_id": "R0054", "battery_pct": 79.4}
{"ts": "2026-05-20T12:36:45+00:00", "event": "ride_start", "vehicle_id": "V0040", "rider_id": "R0003", "battery_pct": 77.9}
{"ts": "2026-05-20T12:36:48+00:00", "event": "unlock_ok", "vehicle_id": "V0006", "rider_id": "R0119", "battery_pct": 29.8}
{"ts": "2026-05-20T12:36:51+00:00", "event": "ride_start", "vehicle_id": "V0048", "rider_id": "R0043", "battery_pct": 71.4}
{"ts": "2026-05-20T12:36:54+00:00", "event": "unlock_ok", "vehicle_id": "V0046", "rider_id": "R0100", "battery_pct": 38.4}
{"ts": "2026-05-20T12:36:57+00:00", "event": "battery_low", "vehicle_id": "V0031", "rider_id": "R0053", "battery_pct": 51.8}
{"ts": "2026-05-20T12:37:00+00:00", "event": "unlock_ok", "vehicle_id": "V0072", "rider_id": "R0080", "battery_pct": 46.0}
{"ts": "2026-05-20T12:37:03+00:00", "event": "payment_fail", "vehicle_id": "V0073", "rider_id": "R0001", "battery_pct": 57.4}
{"ts": "2026-05-20T12:37:06+00:00", "event": "ride_end", "vehicle_id": "V0034", "rider_id": "R0082", "battery_pct": 53.7}
{"ts": "2026-05-20T12:37:09+00:00", "event": "ride_start", "vehicle_id": "V0032", "rider_id": "R0100", "battery_pct": 30.1}
{"ts": "2026-05-20T12:37:12+00:00", "event": "ride_end", "vehicle_id": "V0022", "rider_id": "R0109", "battery_pct": 70.6}
{"ts": "2026-05-20T12:37:15+00:00", "event": "ride_end", "vehicle_id": "V0007", "rider_id": "R0073", "battery_pct": 64.2}
{"ts": "2026-05-20T12:37:18+00:00", "event": "ride_end", "vehicle_id": "V0070", "rider_id": "R0011", "battery_pct": 88.1}
{"ts": "2026-05-20T12:37:21+00:00", "event": "ride_start", "vehicle_id": "V0069", "rider_id": "R0041", "battery_pct": 26.1}
{"ts": "2026-05-20T12:37:24+00:00", "event": "unlock_ok", "vehicle_id": "V0010", "rider_id": "R0068", "battery_pct": 81.1}
{"ts": "2026-05-20T12:37:27+00:00", "event": "battery_low", "vehicle_id": "V0001", "rider_id": "R0092", "battery_pct": 86.5}
{"ts": "2026-05-20T12:37:30+00:00", "event": "ride_start", "vehicle_id": "V0000", "rider_id": "R0049", "battery_pct": 71.3}
{"ts": "2026-05-20T12:37:33+00:00", "event": "unlock_ok", "vehicle_id": "V0031", "rider_id": "R0089", "battery_pct": 26.0}
{"ts": "2026-05-20T12:37:36+00:00", "event": "battery_low", "vehicle_id": "V0043", "rider_id": "R0095", "battery_pct": 52.4}
{"ts": "2026-05-20T12:37:39+00:00", "event": "ride_end", "vehicle_id": "V0012", "rider_id": "R0109", "battery_pct": 38.3}
{"ts": "2026-05-20T12:37:42+00:00", "event": "battery_low", "vehicle_id": "V0032", "rider_id": "R0089", "battery_pct": 24.6}
{"ts": "2026-05-20T12:37:45+00:00", "event": "ride_end", "vehicle_id": "V0024", "rider_id": "R0104", "battery_pct": 48.9}
{"ts": "2026-05-20T12:37:48+00:00", "event": "ride_end", "vehicle_id": "V0049", "rider_id": "R0070", "battery_pct": 41.0}
{"ts": "2026-05-20T12:37:51+00:00", "event": "unlock_ok", "vehicle_id": "V0035", "rider_id": "R0091", "battery_pct": 62.4}
{"ts": "2026-05-20T12:37:54+00:00", "event": "ride_start", "vehicle_id": "V0021", "rider_id": "R0055", "battery_pct": 72.3}
{"ts": "2026-05-20T12:37:57+00:00", "event": "ride_end", "vehicle_id": "V0070", "rider_id": "R0095", "battery_pct": 83.1}
{"ts": "2026-05-20T12:38:00+00:00", "event": "ride_start", "vehicle_id": "V0040", "rider_id": "R0074", "battery_pct": 60.7}
{"ts": "2026-05-20T12:38:03+00:00", "event": "ride_start", "vehicle_id": "V0033", "rider_id": "R0065", "battery_pct": 56.3}
{"ts": "2026-05-20T12:38:06+00:00", "event": "ride_start", "vehicle_id": "V0021", "rider_id": "R0023", "battery_pct": 48.5}
{"ts": "2026-05-20T12:38:09+00:00", "event": "ride_start", "vehicle_id": "V0039", "rider_id": "R0033", "battery_pct": 29.5}
{"ts": "2026-05-20T12:38:12+00:00", "event": "ride_start", "vehicle_id": "V0056", "rider_id": "R0032", "battery_pct": 47.5}
{"ts": "2026-05-20T12:38:15+00:00", "event": "payment_fail", "vehicle_id": "V0038", "rider_id": "R0115", "battery_pct": 59.9}
{"ts": "2026-05-20T12:38:18+00:00", "event": "unlock_ok", "vehicle_id": "V0001", "rider_id": "R0057", "battery_pct": 25.5}
{"ts": "2026-05-20T12:38:21+00:00", "event": "battery_low", "vehicle_id": "V0076", "rider_id": "R0017", "battery_pct": 44.8}
{"ts": "2026-05-20T12:38:24+00:00", "event": "ride_start", "vehicle_id": "V0045", "rider_id": "R0103", "battery_pct": 4.0}
{"ts": "2026-05-20T12:38:27+00:00", "event": "ride_end", "vehicle_id": "V0046", "rider_id": "R0070", "battery_pct": 33.8}
{"ts": "2026-05-20T12:38:30+00:00", "event": "battery_low", "vehicle_id": "V0027", "rider_id": "R0038", "battery_pct": 46.8}
{"ts": "2026-05-20T12:38:33+00:00", "event": "ride_end", "vehicle_id": "V0018", "rider_id": "R0078", "battery_pct": 81.5}
{"ts": "2026-05-20T12:38:36+00:00", "event": "payment_fail", "vehicle_id": "V0038", "rider_id": "R0025", "battery_pct": 44.7}
{"ts": "2026-05-20T12:38:39+00:00", "event": "battery_low", "vehicle_id": "V0043", "rider_id": "R0037", "battery_pct": 85.9}
{"ts": "2026-05-20T12:38:42+00:00", "event": "ride_start", "vehicle_id": "V0066", "rider_id": "R0096", "battery_pct": 42.7}
{"ts": "2026-05-20T12:38:45+00:00", "event": "battery_low", "vehicle_id": "V0060", "rider_id": "R0090", "battery_pct": 82.9}
{"ts": "2026-05-20T12:38:48+00:00", "event": "unlock_ok", "vehicle_id": "V0049", "rider_id": "R0105", "battery_pct": 67.9}
{"ts": "2026-05-20T12:38:51+00:00", "event": "unlock_ok", "vehicle_id": "V0041", "rider_id": "R0119", "battery_pct": 55.2}
{"ts": "2026-05-20T12:38:54+00:00", "event": "unlock_ok", "vehicle_id": "V0043", "rider_id": "R0091", "battery_pct": 46.1}
{"ts": "2026-05-20T12:38:57+00:00", "event": "ride_start", "vehicle_id": "V0052", "rider_id": "R0119", "battery_pct": 56.9}
{"ts": "2026-05-20T12:39:00+00:00", "event": "ride_end", "vehicle_id": "V0044", "rider_id": "R0004", "battery_pct": 33.0}
{"ts": "2026-05-20T12:39:03+00:00", "event": "ride_end", "vehicle_id": "V0007", "rider_id": "R0027", "battery_pct": 73.8}
{"ts": "2026-05-20T12:39:06+00:00", "event": "ride_end", "vehicle_id": "V0005", "rider_id": "R0107", "battery_pct": 59.2}
{"ts": "2026-05-20T12:39:09+00:00", "event": "unlock_ok", "vehicle_id": "V0042", "rider_id": "R0016", "battery_pct": 54.7}
{"ts": "2026-05-20T12:39:12+00:00", "event": "unlock_ok", "vehicle_id": "V0066", "rider_id": "R0050", "battery_pct": 38.7}
{"ts": "2026-05-20T12:39:15+00:00", "event": "ride_end", "vehicle_id": "V0026", "rider_id": "R0066", "battery_pct": 90.3}
{"ts": "2026-05-20T12:39:18+00:00", "event": "battery_low", "vehicle_id": "V0037", "rider_id": "R0075", "battery_pct": 57.2}
{"ts": "2026-05-20T12:39:21+00:00", "event": "ride_start", "vehicle_id": "V0008", "rider_id": "R0070", "battery_pct": 56.3}
{"ts": "2026-05-20T12:39:24+00:00", "event": "ride_end", "vehicle_id": "V0027", "rider_id": "R0019", "battery_pct": 44.3}
{"ts": "2026-05-20T12:39:27+00:00", "event": "ride_end", "vehicle_id": "V0022", "rider_id": "R0007", "battery_pct": 79.6}
{"ts": "2026-05-20T12:39:30+00:00", "event": "ride_start", "vehicle_id": "V0004", "rider_id": "R0044", "battery_pct": 35.0}
{"ts": "2026-05-20T12:39:33+00:00", "event": "unlock_ok", "vehicle_id": "V0065", "rider_id": "R0022", "battery_pct": 43.5}
{"ts": "2026-05-20T12:39:36+00:00", "event": "battery_low", "vehicle_id": "V0063", "rider_id": "R0001", "battery_pct": 68.4}
{"ts": "2026-05-20T12:39:39+00:00", "event": "ride_start", "vehicle_id": "V0010", "rider_id": "R0011", "battery_pct": 99.2}
{"ts": "2026-05-20T12:39:42+00:00", "event": "battery_low", "vehicle_id": "V0037", "rider_id": "R0028", "battery_pct": 39.5}
{"ts": "2026-05-20T12:39:45+00:00", "event": "ride_start", "vehicle_id": "V0004", "rider_id": "R0060", "battery_pct": 12.5}
{"ts": "2026-05-20T12:39:48+00:00", "event": "ride_end", "vehicle_id": "V0034", "rider_id": "R0069", "battery_pct": 48.3}
{"ts": "2026-05-20T12:39:51+00:00", "event": "ride_end", "vehicle_id": "V0034", "rider_id": "R0114", "battery_pct": 36.3}
{"ts": "2026-05-20T12:39:54+00:00", "event": "unlock_ok", "vehicle_id": "V0056", "rider_id": "R0077", "battery_pct": 93.7}
{"ts": "2026-05-20T12:39:57+00:00", "event": "unlock_ok", "vehicle_id": "V0049", "rider_id": "R0112", "battery_pct": 43.6}
