# Versión: Apache Hadoop 3.x (Docker - apache/hadoop:3)
(.venv) PS C:\Users\karen\OneDrive\Documentos\GitHub\nexourbano> docker exec -it nexo-hadoop hdfs dfs -ls /
Found 21 items
-rwxr-xr-x   1 root   root          0 2026-10-01 00:11 /.dockerenv
-rw-r--r--   1 root   root      12082 2019-03-05 17:36 /anaconda-post.log
dr-xr-xr-x   - root   root       4096 2019-05-16 14:58 /bin
drwxr-xrwx   - root   root       4096 2026-10-01 00:11 /data
drwxr-xr-x   - root   root        340 2026-10-01 00:11 /dev
drwxr-xr-x   - root   root       4096 2026-10-01 00:11 /etc
drwxr-xr-x   - root   root       4096 2018-04-11 04:59 /home
dr-xr-xr-x   - root   root       4096 2019-05-16 14:55 /lib
dr-xr-xr-x   - root   root       4096 2019-05-16 14:58 /lib64
drwxr-xr-x   - root   root       4096 2018-04-11 04:59 /media
drwxr-xr-x   - root   root       4096 2018-04-11 04:59 /mnt
drwxr-xr-x   - hadoop root       4096 2026-10-01 00:11 /opt
dr-xr-xr-x   - root   root          0 2026-10-01 00:11 /proc
dr-xr-x---   - root   root       4096 2019-05-16 14:58 /root
drwxr-xr-x   - root   root       4096 2019-05-16 14:58 /run
dr-xr-xr-x   - root   root       4096 2019-05-16 14:57 /sbin
drwxr-xr-x   - root   root       4096 2018-04-11 04:59 /srv
dr-xr-xr-x   - root   root          0 2026-10-01 00:11 /sys
drwxrwxrwt   - root   root       4096 2026-10-01 00:11 /tmp
drwxr-xr-x   - root   root       4096 2019-03-05 17:34 /usr
drwxr-xr-x   - root   root       4096 2019-03-05 17:34 /var

What's next:
    Try Docker Debug for seamless, persistent debugging tools in any container or image → docker debug nexo-hadoop
    Learn more at https://docs.docker.com/go/debug-cli/